Component: ARM Compiler 6.15 Tool: armlink [5dd79300]

==============================================================================

Section Cross References

    __2printf.o(.text) refers to _printf_char_file.o(.text) for _printf_char_file
    __2printf.o(.text) refers to stdio_streams.o(.bss) for __stdout
    noretval__2printf.o(.text) refers to _printf_char_file.o(.text) for _printf_char_file
    noretval__2printf.o(.text) refers to stdio_streams.o(.bss) for __stdout
    __printf.o(.text) refers to _printf_percent.o(.ARM.Collect$$_printf_percent$$00000000) for _printf_percent
    _printf_str.o(.text) refers (Special) to _printf_char.o(.text) for _printf_cs_common
    _printf_str.o(.text) refers (Weak) to _printf_pad.o(.text) for _printf_pre_padding
    _printf_str.o(.text) refers (Weak) to _printf_pad.o(.text) for _printf_post_padding
    _printf_dec.o(.text) refers to _printf_intcommon.o(.text) for _printf_int_common
    _printf_hex_ll.o(.text) refers to _printf_intcommon.o(.text) for _printf_int_common
    _printf_hex_ll.o(.text) refers to _printf_hex_ll.o(.constdata) for .constdata
    _printf_hex_int.o(.text) refers to _printf_intcommon.o(.text) for _printf_int_common
    _printf_hex_int.o(.text) refers to _printf_hex_int.o(.constdata) for .constdata
    _printf_hex_int_ll.o(.text) refers to _printf_intcommon.o(.text) for _printf_int_common
    _printf_hex_int_ll.o(.text) refers to _printf_hex_int_ll.o(.constdata) for .constdata
    _printf_hex_ptr.o(.text) refers to _printf_intcommon.o(.text) for _printf_int_common
    _printf_hex_ptr.o(.text) refers to _printf_hex_ptr.o(.constdata) for .constdata
    _printf_hex_int_ptr.o(.text) refers to _printf_intcommon.o(.text) for _printf_int_common
    _printf_hex_int_ptr.o(.text) refers to _printf_hex_int_ptr.o(.constdata) for .constdata
    _printf_hex_ll_ptr.o(.text) refers to _printf_intcommon.o(.text) for _printf_int_common
    _printf_hex_ll_ptr.o(.text) refers to _printf_hex_ll_ptr.o(.constdata) for .constdata
    _printf_hex_int_ll_ptr.o(.text) refers to _printf_intcommon.o(.text) for _printf_int_common
    _printf_hex_int_ll_ptr.o(.text) refers to _printf_hex_int_ll_ptr.o(.constdata) for .constdata
    __printf_flags.o(.text) refers to _printf_percent.o(.ARM.Collect$$_printf_percent$$00000000) for _printf_percent
    __printf_flags.o(.text) refers to __printf_flags.o(.constdata) for .constdata
    __printf_ss.o(.text) refers to _printf_percent.o(.ARM.Collect$$_printf_percent$$00000000) for _printf_percent
    __printf_flags_ss.o(.text) refers to _printf_percent.o(.ARM.Collect$$_printf_percent$$00000000) for _printf_percent
    __printf_flags_ss.o(.text) refers to __printf_flags_ss.o(.constdata) for .constdata
    __printf_wp.o(.text) refers to __printf_wp.o(i._is_digit) for _is_digit
    __printf_wp.o(.text) refers to _printf_percent.o(.ARM.Collect$$_printf_percent$$00000000) for _printf_percent
    __printf_flags_wp.o(.text) refers to __printf_wp.o(i._is_digit) for _is_digit
    __printf_flags_wp.o(.text) refers to _printf_percent.o(.ARM.Collect$$_printf_percent$$00000000) for _printf_percent
    __printf_flags_wp.o(.text) refers to __printf_flags_wp.o(.constdata) for .constdata
    __printf_ss_wp.o(.text) refers to __printf_wp.o(i._is_digit) for _is_digit
    __printf_ss_wp.o(.text) refers to _printf_percent.o(.ARM.Collect$$_printf_percent$$00000000) for _printf_percent
    __printf_flags_ss_wp.o(.text) refers to __printf_wp.o(i._is_digit) for _is_digit
    __printf_flags_ss_wp.o(.text) refers to _printf_percent.o(.ARM.Collect$$_printf_percent$$00000000) for _printf_percent
    __printf_flags_ss_wp.o(.text) refers to __printf_flags_ss_wp.o(.constdata) for .constdata
    _printf_s.o(.ARM.Collect$$_printf_percent$$00000014) refers (Weak) to _printf_char.o(.text) for _printf_string
    _printf_x.o(.ARM.Collect$$_printf_percent$$0000000C) refers (Weak) to _printf_hex_int.o(.text) for _printf_int_hex
    _printf_d.o(.ARM.Collect$$_printf_percent$$00000009) refers (Weak) to _printf_dec.o(.text) for _printf_int_dec
    _printf_u.o(.ARM.Collect$$_printf_percent$$0000000A) refers (Weak) to _printf_dec.o(.text) for _printf_int_dec
    _printf_f.o(.ARM.Collect$$_printf_percent$$00000003) refers (Weak) to printf1.o(x$fpl$printf1) for _printf_fp_dec
    _printf_percent.o(.ARM.Collect$$_printf_percent$$00000000) refers (Special) to _printf_percent_end.o(.ARM.Collect$$_printf_percent$$00000017) for _printf_percent_end
    putchar.o(.text) refers to fputc.o(i.fputc) for fputc
    putchar.o(.text) refers to stdio_streams.o(.bss) for __stdout
    puts.o(.text) refers to fputc.o(i.fputc) for fputc
    puts.o(.text) refers to stdio_streams.o(.bss) for __stdout
    __main.o(!!!main) refers to __rtentry.o(.ARM.Collect$$rtentry$$00000000) for __rt_entry
    printf1.o(x$fpl$printf1) refers to _printf_fp_dec.o(.text) for _printf_fp_dec_real
[...]
    ../clib/signal.c                         0x00000000   Number         0  defsig_rtmem_formal.o ABSOLUTE
    ../clib/signal.c                         0x00000000   Number         0  defsig_rtmem_inner.o ABSOLUTE
    ../clib/signal.c                         0x00000000   Number         0  defsig_abrt_inner.o ABSOLUTE
    ../clib/signal.c                         0x00000000   Number         0  defsig_fpe_inner.o ABSOLUTE
    ../clib/signal.c                         0x00000000   Number         0  defsig_stak_inner.o ABSOLUTE
    ../clib/signal.c                         0x00000000   Number         0  defsig_pvfn_inner.o ABSOLUTE
    ../clib/signal.c                         0x00000000   Number         0  defsig_cppl_inner.o ABSOLUTE
    ../clib/signal.c                         0x00000000   Number         0  defsig_segv_inner.o ABSOLUTE
    ../clib/signal.c                         0x00000000   Number         0  defsig_other.o ABSOLUTE
    ../clib/signal.c                         0x00000000   Number         0  defsig_fpe_outer.o ABSOLUTE
    ../clib/signal.c                         0x00000000   Number         0  defsig_fpe_formal.o ABSOLUTE
    ../clib/signal.s                         0x00000000   Number         0  defsig.o ABSOLUTE
    ../clib/stdio.c                          0x00000000   Number         0  putchar.o ABSOLUTE
    ../clib/stdio.c                          0x00000000   Number         0  puts.o ABSOLUTE
    ../clib/stdio.c                          0x00000000   Number         0  fputc.o ABSOLUTE
    ../clib/stdio.c                          0x00000000   Number         0  stdio_streams.o ABSOLUTE
    ../clib/stdio.c                          0x00000000   Number         0  fputc_locked.o ABSOLUTE
    ../clib/stdio.c                          0x00000000   Number         0  ferror.o ABSOLUTE
    ../clib/stdio.c                          0x00000000   Number         0  flsbuf.o ABSOLUTE
    ../clib/stdio.c                          0x00000000   Number         0  initio.o ABSOLUTE
    ../clib/stdio.c                          0x00000000   Number         0  ferror_locked.o ABSOLUTE
    ../clib/stdio.c                          0x00000000   Number         0  initio_locked.o ABSOLUTE
    ../clib/stdio.c                          0x00000000   Number         0  setvbuf.o ABSOLUTE
    ../clib/stdio.c                          0x00000000   Number         0  stdio.o ABSOLUTE
    ../clib/stdio.c                          0x00000000   Number         0  fwritefast.o ABSOLUTE
    ../clib/stdio.c                          0x00000000   Number         0  streamlock.o ABSOLUTE
    ../clib/stdio.c                          0x00000000   Number         0  fopen.o ABSOLUTE
    ../clib/stdio.c                          0x00000000   Number         0  fclose.o ABSOLUTE
    ../clib/stdio.c                          0x00000000   Number         0  puts_locked.o ABSOLUTE
    ../clib/stdio.c                          0x00000000   Number         0  setvbuf_locked.o ABSOLUTE
    ../clib/stdio.c                          0x00000000   Number         0  fopen_locked.o ABSOLUTE
    ../clib/stdio.c                          0x00000000   Number         0  fwritefast_locked.o ABSOLUTE
    ../clib/stdio.c                          0x00000000   Number         0  fflush.o ABSOLUTE
    ../clib/stdio.c                          0x00000000   Number         0  fputs.o ABSOLUTE
    ../clib/stdio.c                          0x00000000   Number         0  fseek.o ABSOLUTE
    ../clib/stdio.c                          0x00000000   Number         0  fputs_locked.o ABSOLUTE
    ../clib/stdio.c                          0x00000000   Number         0  fflush_locked.o ABSOLUTE
    ../clib/stdio.c                          0x00000000   Number         0  ftell.o ABSOLUTE
    ../clib/stdlib.c                         0x00000000   Number         0  exit.o ABSOLUTE
    ../clib/wchar.c                          0x00000000   Number         0  flsbuf_fwide.o ABSOLUTE
    ../fplib/dcmp.s                          0x00000000   Number         0  dcmp.o ABSOLUTE
    ../fplib/dcmpi.s                         0x00000000   Number         0  dcmpi.o ABSOLUTE
    ../fplib/ddiv.s                          0x00000000   Number         0  ddiv_clz.o ABSOLUTE
    ../fplib/deqf.s                          0x00000000   Number         0  deqf.o ABSOLUTE
    ../fplib/dfixu.s                         0x00000000   Number         0  dfixu.o ABSOLUTE
    ../fplib/dflt.s                          0x00000000   Number         0  dflt_clz.o ABSOLUTE
    ../fplib/dgeqf.s                         0x00000000   Number         0  dgeqf.o ABSOLUTE
    ../fplib/dleqf.s                         0x00000000   Number         0  dleqf.o ABSOLUTE
    ../fplib/dmul.s                          0x00000000   Number         0  dmul_clz.o ABSOLUTE
    ../fplib/dnaninf.s                       0x00000000   Number         0  dnaninf.o ABSOLUTE
    ../fplib/drenorm.s                       0x00000000   Number         0  drenorm_clz.o ABSOLUTE
    ../fplib/dretinf.s                       0x00000000   Number         0  dretinf.o ABSOLUTE
    ../fplib/dunder.s                        0x00000000   Number         0  dunder_clz.o ABSOLUTE
    ../fplib/except.s                        0x00000000   Number         0  except.o ABSOLUTE
    ../fplib/fpinit.s                        0x00000000   Number         0  fpinit.o ABSOLUTE
    ../fplib/istatus.s                       0x00000000   Number         0  istatus.o ABSOLUTE
    ../fplib/printf1.s                       0x00000000   Number         0  printf1.o ABSOLUTE
    ../fplib/retnan.s                        0x00000000   Number         0  retnan.o ABSOLUTE
    ../fplib/trapv.s                         0x00000000   Number         0  trapv.o ABSOLUTE
    ../fplib/usenofp.s                       0x00000000   Number         0  usenofp.o ABSOLUTE
    ../mathlib/fpclassify.c                  0x00000000   Number         0  fpclassify.o ABSOLUTE
    __tagsym$$used.0                         0x00000000   Number         0  lto-llvm-d1cc4d.o(RESET)
    dc.s                                     0x00000000   Number         0  dc.o ABSOLUTE
    ld-temp.o                                0x00000000   Number         0  lto-llvm-d1cc4d.o ABSOLUTE
    !!!main                                  0x000007c0   Section        8  __main.o(!!!main)
    !!!scatter                               0x000007c8   Section       52  __scatter.o(!!!scatter)
    !!handler_copy                           0x000007fc   Section       26  __scatter_copy.o(!!handler_copy)
    !!handler_zi                             0x00000818   Section       28  __scatter_zi.o(!!handler_zi)
    .ARM.Collect$$_printf_percent$$00000000  0x00000834   Section        0  _printf_percent.o(.ARM.Collect$$_printf_percent$$00000000)
    .ARM.Collect$$_printf_percent$$00000003  0x00000834   Section        6  _printf_f.o(.ARM.Collect$$_printf_percent$$00000003)
    .ARM.Collect$$_printf_percent$$00000009  0x0000083a   Section        6  _printf_d.o(.ARM.Collect$$_printf_percent$$00000009)
    .ARM.Collect$$_printf_percent$$0000000A  0x00000840   Section        6  _printf_u.o(.ARM.Collect$$_printf_percent$$0000000A)
    .ARM.Collect$$_printf_percent$$0000000C  0x00000846   Section        6  _printf_x.o(.ARM.Collect$$_printf_percent$$0000000C)
    .ARM.Collect$$_printf_percent$$00000014  0x0000084c   Section        6  _printf_s.o(.ARM.Collect$$_printf_percent$$00000014)
    .ARM.Collect$$_printf_percent$$00000017  0x00000852   Section        4  _printf_percent_end.o(.ARM.Collect$$_printf_percent$$00000017)
    .ARM.Collect$$libinit$$00000000          0x00000856   Section        2  libinit.o(.ARM.Collect$$libinit$$00000000)
    .ARM.Collect$$libinit$$00000001          0x00000858   Section        4  libinit2.o(.ARM.Collect$$libinit$$00000001)
    .ARM.Collect$$libinit$$00000004          0x0000085c   Section        0  libinit2.o(.ARM.Collect$$libinit$$00000004)
    .ARM.Collect$$libinit$$00000008          0x0000085c   Section        8  libinit5.o(.ARM.Collect$$libinit$$00000008)
    .ARM.Collect$$libinit$$0000000A          0x00000864   Section        0  libinit2.o(.ARM.Collect$$libinit$$0000000A)
    .ARM.Collect$$libinit$$0000000C          0x00000864   Section        0  libinit2.o(.ARM.Collect$$libinit$$0000000C)
    .ARM.Collect$$libinit$$0000000E          0x00000864   Section        0  libinit2.o(.ARM.Collect$$libinit$$0000000E)
    .ARM.Collect$$libinit$$0000000F          0x00000864   Section        6  libinit2.o(.ARM.Collect$$libinit$$0000000F)
    .ARM.Collect$$libinit$$00000011          0x0000086a   Section        0  libinit2.o(.ARM.Collect$$libinit$$00000011)
    .ARM.Collect$$libinit$$00000013          0x0000086a   Section        0  libinit2.o(.ARM.Collect$$libinit$$00000013)
    .ARM.Collect$$libinit$$00000015          0x0000086a   Section        0  libinit2.o(.ARM.Collect$$libinit$$00000015)
    .ARM.Collect$$libinit$$00000016          0x0000086a   Section       10  libinit2.o(.ARM.Collect$$libinit$$00000016)
    .ARM.Collect$$libinit$$00000017          0x00000874   Section        0  libinit2.o(.ARM.Collect$$libinit$$00000017)
    .ARM.Collect$$libinit$$00000019          0x00000874   Section        0  libinit2.o(.ARM.Collect$$libinit$$00000019)
    .ARM.Collect$$libinit$$0000001B          0x00000874   Section        0  libinit2.o(.ARM.Collect$$libinit$$0000001B)
    .ARM.Collect$$libinit$$0000001D          0x00000874   Section        0  libinit2.o(.ARM.Collect$$libinit$$0000001D)
    .ARM.Collect$$libinit$$0000001F          0x00000874   Section        0  libinit2.o(.ARM.Collect$$libinit$$0000001F)
    .ARM.Collect$$libinit$$00000021          0x00000874   Section        0  libinit2.o(.ARM.Collect$$libinit$$00000021)
    .ARM.Collect$$libinit$$00000023          0x00000874   Section        0  libinit2.o(.ARM.Collect$$libinit$$00000023)
    .ARM.Collect$$libinit$$00000024          0x00000874   Section        4  libinit2.o(.ARM.Collect$$libinit$$00000024)
    .ARM.Collect$$libinit$$00000025          0x00000878   Section        0  libinit2.o(.ARM.Collect$$libinit$$00000025)
    .ARM.Collect$$libinit$$0000002C          0x00000878   Section        0  libinit2.o(.ARM.Collect$$libinit$$0000002C)
    .ARM.Collect$$libinit$$0000002E          0x00000878   Section        0  libinit2.o(.ARM.Collect$$libinit$$0000002E)
    .ARM.Collect$$libinit$$00000030          0x00000878   Section        0  libinit2.o(.ARM.Collect$$libinit$$00000030)
    .ARM.Collect$$libinit$$00000032          0x00000878   Section        0  libinit2.o(.ARM.Collect$$libinit$$00000032)
    .ARM.Collect$$libinit$$00000033          0x00000878   Section        2  libinit2.o(.ARM.Collect$$libinit$$00000033)
    __lit__00000000                          0x0000087c   Data           4  libinit5.o(.ARM.Collect$$libinit$$00002719)
    .ARM.Collect$$libinit$$00002719          0x0000087c   Section        8  libinit5.o(.ARM.Collect$$libinit$$00002719)
    __lit__00000001                          0x00000880   Data           4  libinit5.o(.ARM.Collect$$libinit$$00002719)
    .ARM.Collect$$libshutdown$$00000000      0x00000884   Section        2  libshutdown.o(.ARM.Collect$$libshutdown$$00000000)
    .ARM.Collect$$libshutdown$$00000002      0x00000886   Section        0  libshutdown2.o(.ARM.Collect$$libshutdown$$00000002)
    .ARM.Collect$$libshutdown$$00000003      0x00000886   Section        4  libshutdown2.o(.ARM.Collect$$libshutdown$$00000003)
    .ARM.Collect$$libshutdown$$00000004      0x0000088a   Section        0  libshutdown2.o(.ARM.Collect$$libshutdown$$00000004)
    .ARM.Collect$$libshutdown$$00000007      0x0000088a   Section        0  libshutdown2.o(.ARM.Collect$$libshutdown$$00000007)
    .ARM.Collect$$libshutdown$$0000000A      0x0000088a   Section        0  libshutdown2.o(.ARM.Collect$$libshutdown$$0000000A)
    .ARM.Collect$$libshutdown$$0000000C      0x0000088a   Section        0  libshutdown2.o(.ARM.Collect$$libshutdown$$0000000C)
    .ARM.Collect$$libshutdown$$0000000F      0x0000088a   Section        0  libshutdown2.o(.ARM.Collect$$libshutdown$$0000000F)
    .ARM.Collect$$libshutdown$$00000010      0x0000088a   Section        2  libshutdown2.o(.ARM.Collect$$libshutdown$$00000010)
    .ARM.Collect$$rtentry$$00000000          0x0000088c   Section        0  __rtentry.o(.ARM.Collect$$rtentry$$00000000)
    .ARM.Collect$$rtentry$$00000002          0x0000088c   Section        0  __rtentry2.o(.ARM.Collect$$rtentry$$00000002)
    .ARM.Collect$$rtentry$$00000007          0x0000088c   Section        4  __rtentry7.o(.ARM.Collect$$rtentry$$00000007)
    .ARM.Collect$$rtentry$$00000009          0x00000890   Section        0  __rtentry2.o(.ARM.Collect$$rtentry$$00000009)
    .ARM.Collect$$rtentry$$0000000A          0x00000890   Section        4  __rtentry2.o(.ARM.Collect$$rtentry$$0000000A)
    .ARM.Collect$$rtentry$$0000000C          0x00000894   Section        0  __rtentry2.o(.ARM.Collect$$rtentry$$0000000C)
    .ARM.Collect$$rtentry$$0000000D          0x00000894   Section        8  __rtentry2.o(.ARM.Collect$$rtentry$$0000000D)
    __lit__00000000                          0x0000089c   Data           4  __rtentry7.o(.ARM.Collect$$rtentry$$00002718)
    .ARM.Collect$$rtentry$$00002718          0x0000089c   Section        4  __rtentry7.o(.ARM.Collect$$rtentry$$00002718)
    .ARM.Collect$$rtexit$$00000000           0x000008a0   Section        2  rtexit.o(.ARM.Collect$$rtexit$$00000000)
    .ARM.Collect$$rtexit$$00000002           0x000008a2   Section        0  rtexit2.o(.ARM.Collect$$rtexit$$00000002)
    .ARM.Collect$$rtexit$$00000003           0x000008a2   Section        4  rtexit2.o(.ARM.Collect$$rtexit$$00000003)
    .ARM.Collect$$rtexit$$00000004           0x000008a6   Section        6  rtexit2.o(.ARM.Collect$$rtexit$$00000004)
    .text                                    0x000008ac   Section        0  noretval__2printf.o(.text)
    .text                                    0x000008c4   Section        0  _printf_pad.o(.text)
    .text                                    0x00000912   Section        0  _printf_str.o(.text)
    .text                                    0x00000964   Section        0  _printf_dec.o(.text)
    .text                                    0x000009dc   Section        0  _printf_hex_int.o(.text)
    .text                                    0x00000a34   Section        0  __printf_flags_ss_wp.o(.text)
    .text                                    0x00000bbc   Section        0  putchar.o(.text)
    .text                                    0x00000bc8   Section        0  puts.o(.text)
    .text                                    0x00000bf8   Section      124  strcmpv8m_maindsp.o(.text)
    .text                                    0x00000c74   Section        0  _printf_intcommon.o(.text)
    _fp_digits                               0x00000d27   Thumb Code   432  _printf_fp_dec.o(.text)
    .text                                    0x00000d26   Section        0  _printf_fp_dec.o(.text)
    .text                                    0x00001142   Section        0  _printf_char.o(.text)
    .text                                    0x00001170   Section        0  _printf_char_file.o(.text)
    .text                                    0x00001194   Section        8  rt_locale_intlibspace.o(.text)
    .text                                    0x0000119c   Section      138  lludiv10.o(.text)
    _printf_input_char                       0x00001229   Thumb Code    10  _printf_char_common.o(.text)
    .text                                    0x00001228   Section        0  _printf_char_common.o(.text)
    .text                                    0x00001258   Section        0  _printf_fp_infnan.o(.text)
    .text                                    0x000012d8   Section        0  bigflt0.o(.text)
    .text                                    0x000013bc   Section        0  ferror.o(.text)
    .text                                    0x000013c4   Section        0  flsbuf.o(.text)
    .text                                    0x0000159c   Section        0  initio.o(.text)
    .text                                    0x000016d4   Section        8  rt_fp_status_addr_intlibspace.o(.text)
    .text                                    0x000016dc   Section        0  h1_alloc.o(.text)
    .text                                    0x0000173a   Section        0  h1_free.o(.text)
    .text                                    0x00001788   Section        0  setvbuf.o(.text)
    .text                                    0x000017d0   Section        0  stdio.o(.text)
    _freopen_locked                          0x000018c1   Thumb Code     0  fopen.o(.text)
    .text                                    0x000018c0   Section        0  fopen.o(.text)
    .text                                    0x000019b0   Section        0  fclose.o(.text)
    .text                                    0x000019fc   Section        0  exit.o(.text)
    .text                                    0x00001a0e   Section        0  defsig_rtred_outer.o(.text)
    .text                                    0x00001a1c   Section       78  rt_memclr_w.o(.text)
    .text                                    0x00001a6c   Section        8  rt_heap_descriptor_intlibspace.o(.text)
    .text                                    0x00001a74   Section        0  hguard.o(.text)
    .text                                    0x00001a78   Section        0  init_alloc.o(.text)
    .text                                    0x00001b02   Section        0  h1_init.o(.text)
    .text                                    0x00001b10   Section        0  fseek.o(.text)
    .text                                    0x00001c08   Section        0  defsig_exit.o(.text)
    .text                                    0x00001c14   Section        0  defsig_rtred_inner.o(.text)
    .text                                    0x00001c48   Section        0  sys_exit.o(.text)
    .text                                    0x00001c54   Section        2  use_no_semi.o(.text)
    .text                                    0x00001c56   Section        0  indicate_semi.o(.text)
    .text                                    0x00001c56   Section        0  maybetermalloc1.o(.text)
    .text                                    0x00001c56   Section        0  h1_extend.o(.text)
    .text                                    0x00001c8a   Section        0  ftell.o(.text)
    .text                                    0x00001ccc   Section        0  defsig_general.o(.text)
    .text                                    0x00001cfe   Section        0  defsig_rtmem_outer.o(.text)
    .text                                    0x00001d0c   Section        0  sys_wrch.o(.text)
    .text                                    0x00001d1c   Section        8  rt_errno_addr_intlibspace.o(.text)
    .text                                    0x00001d24   Section        0  defsig_rtmem_inner.o(.text)
    .text                                    0x00001d74   Section        0  defsig_fpe_inner.o(.text)
    .text                                    0x00001e20   Section       68  rt_memclr.o(.text)
    .text                                    0x00001e64   Section        0  _fptrap.o(.text)
    .text                                    0x00001e94   Section        0  defsig_fpe_outer.o(.text)
    Default_Handler                          0x00001ea5   Thumb Code     2  lto-llvm-d1cc4d.o(.text.Default_Handler)
    [Anonymous Symbol]                       0x00001ea4   Section        0  lto-llvm-d1cc4d.o(.text.Default_Handler)
    Reset_Handler                            0x00001ea9   Thumb Code    20  lto-llvm-d1cc4d.o(.text.Reset_Handler)
    [Anonymous Symbol]                       0x00001ea8   Section        0  lto-llvm-d1cc4d.o(.text.Reset_Handler)
    SysTick_Handler                          0x00001ebd   Thumb Code    16  lto-llvm-d1cc4d.o(.text.SysTick_Handler)
    [Anonymous Symbol]                       0x00001ebc   Section        0  lto-llvm-d1cc4d.o(.text.SysTick_Handler)
    SystemInit                               0x00001ecd   Thumb Code   942  lto-llvm-d1cc4d.o(.text.SystemInit)
    [Anonymous Symbol]                       0x00001ecc   Section        0  lto-llvm-d1cc4d.o(.text.SystemInit)
    [Anonymous Symbol]                       0x0000227c   Section        0  lto-llvm-d1cc4d.o(.text._sys_close)
    [Anonymous Symbol]                       0x00002290   Section        0  lto-llvm-d1cc4d.o(.text._sys_istty)
    [Anonymous Symbol]                       0x000022a0   Section        0  lto-llvm-d1cc4d.o(.text._sys_open)
    [Anonymous Symbol]                       0x00002300   Section        0  lto-llvm-d1cc4d.o(.text._sys_write)
    core_bench_list                          0x00002431   Thumb Code  2072  lto-llvm-d1cc4d.o(.text.core_bench_list)
    [Anonymous Symbol]                       0x00002430   Section        0  lto-llvm-d1cc4d.o(.text.core_bench_list)
    core_bench_matrix                        0x00002c49   Thumb Code  6366  lto-llvm-d1cc4d.o(.text.core_bench_matrix)
    [Anonymous Symbol]                       0x00002c48   Section        0  lto-llvm-d1cc4d.o(.text.core_bench_matrix)
    core_bench_state                         0x00004529   Thumb Code  1520  lto-llvm-d1cc4d.o(.text.core_bench_state)
    [Anonymous Symbol]                       0x00004528   Section        0  lto-llvm-d1cc4d.o(.text.core_bench_state)
    coremark_main                            0x00004b19   Thumb Code  3280  lto-llvm-d1cc4d.o(.text.coremark_main)
    [Anonymous Symbol]                       0x00004b18   Section        0  lto-llvm-d1cc4d.o(.text.coremark_main)
    crc16                                    0x000057e9   Thumb Code   278  lto-llvm-d1cc4d.o(.text.crc16)
    [Anonymous Symbol]                       0x000057e8   Section        0  lto-llvm-d1cc4d.o(.text.crc16)
    crcu16                                   0x00005901   Thumb Code   278  lto-llvm-d1cc4d.o(.text.crcu16)
    [Anonymous Symbol]                       0x00005900   Section        0  lto-llvm-d1cc4d.o(.text.crcu16)
    crcu32                                   0x00005a19   Thumb Code   538  lto-llvm-d1cc4d.o(.text.crcu32)
    [Anonymous Symbol]                       0x00005a18   Section        0  lto-llvm-d1cc4d.o(.text.crcu32)
    get_seed_args                            0x00005c35   Thumb Code   236  lto-llvm-d1cc4d.o(.text.get_seed_args)
    [Anonymous Symbol]                       0x00005c34   Section        0  lto-llvm-d1cc4d.o(.text.get_seed_args)
    [Anonymous Symbol]                       0x00005d20   Section        0  lto-llvm-d1cc4d.o(.text.main)
    CL$$btod_d2e                             0x00006164   Section       62  btod.o(CL$$btod_d2e)
    CL$$btod_d2e_denorm_low                  0x000061a2   Section       70  btod.o(CL$$btod_d2e_denorm_low)
    CL$$btod_d2e_norm_op1                    0x000061e8   Section       96  btod.o(CL$$btod_d2e_norm_op1)
    CL$$btod_div_common                      0x00006248   Section      824  btod.o(CL$$btod_div_common)
    CL$$btod_e2e                             0x00006580   Section      220  btod.o(CL$$btod_e2e)
    CL$$btod_ediv                            0x0000665c   Section       42  btod.o(CL$$btod_ediv)
    CL$$btod_emul                            0x00006686   Section       42  btod.o(CL$$btod_emul)
    CL$$btod_mult_common                     0x000066b0   Section      580  btod.o(CL$$btod_mult_common)
    i.__ARM_fpclassify                       0x000068f4   Section        0  fpclassify.o(i.__ARM_fpclassify)
    i._is_digit                              0x0000691c   Section        0  __printf_wp.o(i._is_digit)
    i.fputc                                  0x0000692a   Section        0  fputc.o(i.fputc)
    locale$$code                             0x00006944   Section       44  lc_numeric_c.o(locale$$code)
    x$fpl$dcmpinf                            0x00006970   Section       24  dcmpi.o(x$fpl$dcmpinf)
    x$fpl$ddiv                               0x00006988   Section      744  ddiv_clz.o(x$fpl$ddiv)
    ddiv_entry                               0x0000698f   Thumb Code     0  ddiv_clz.o(x$fpl$ddiv)
    x$fpl$deqf                               0x00006c70   Section      116  deqf.o(x$fpl$deqf)
    x$fpl$dfixu                              0x00006ce4   Section      132  dfixu.o(x$fpl$dfixu)
    x$fpl$dfltu                              0x00006d68   Section       38  dflt_clz.o(x$fpl$dfltu)
    x$fpl$dgeqf                              0x00006d90   Section      120  dgeqf.o(x$fpl$dgeqf)
    x$fpl$dleqf                              0x00006e08   Section      120  dleqf.o(x$fpl$dleqf)
    x$fpl$dmul                               0x00006e80   Section      388  dmul_clz.o(x$fpl$dmul)
    x$fpl$dnaninf                            0x00007004   Section      258  dnaninf.o(x$fpl$dnaninf)
    x$fpl$drenorm                            0x00007106   Section      112  drenorm_clz.o(x$fpl$drenorm)
    x$fpl$dretinf                            0x00007176   Section       12  dretinf.o(x$fpl$dretinf)
    x$fpl$dunder                             0x00007182   Section      392  dunder_clz.o(x$fpl$dunder)
    x$fpl$exception                          0x0000730c   Section      440  except.o(x$fpl$exception)
    x$fpl$fcmp                               0x000074c4   Section       84  dcmp.o(x$fpl$fcmp)
    x$fpl$fpinit                             0x00007518   Section       14  fpinit.o(x$fpl$fpinit)
    x$fpl$ieeestatus                         0x00007528   Section       48  istatus.o(x$fpl$ieeestatus)
    x$fpl$printf1                            0x00007558   Section        4  printf1.o(x$fpl$printf1)
    x$fpl$retnan                             0x0000755c   Section      178  retnan.o(x$fpl$retnan)
    x$fpl$trapveneer                         0x0000760e   Section      144  trapv.o(x$fpl$trapveneer)
    uc_hextab                                0x0000769e   Data          20  _printf_hex_int.o(.constdata)
    .constdata                               0x0000769e   Section       40  _printf_hex_int.o(.constdata)
    x$fpl$usenofp                            0x0000769e   Section        0  usenofp.o(x$fpl$usenofp)
    lc_hextab                                0x000076b2   Data          20  _printf_hex_int.o(.constdata)
    maptable                                 0x000076c6   Data          17  __printf_flags_ss_wp.o(.constdata)
    .constdata                               0x000076c6   Section       17  __printf_flags_ss_wp.o(.constdata)
    tenpwrs_x                                0x000076d8   Data          60  bigflt0.o(.constdata)
    .constdata                               0x000076d8   Section      148  bigflt0.o(.constdata)
    tenpwrs_i                                0x00007714   Data          64  bigflt0.o(.constdata)
    errpat                                   0x00007784   Data          16  lto-llvm-d1cc4d.o(.rodata.errpat)
    [Anonymous Symbol]                       0x00007784   Section        0  lto-llvm-d1cc4d.o(.rodata.errpat)
    floatpat                                 0x00007794   Data          16  lto-llvm-d1cc4d.o(.rodata.floatpat)
    [Anonymous Symbol]                       0x00007794   Section        0  lto-llvm-d1cc4d.o(.rodata.floatpat)
    intpat                                   0x000077a4   Data          16  lto-llvm-d1cc4d.o(.rodata.intpat)
    [Anonymous Symbol]                       0x000077a4   Section        0  lto-llvm-d1cc4d.o(.rodata.intpat)
    list_known_crc                           0x000077b4   Data          10  lto-llvm-d1cc4d.o(.rodata.list_known_crc)
    [Anonymous Symbol]                       0x000077b4   Section        0  lto-llvm-d1cc4d.o(.rodata.list_known_crc)
    matrix_known_crc                         0x000077be   Data          10  lto-llvm-d1cc4d.o(.rodata.matrix_known_crc)
    [Anonymous Symbol]                       0x000077be   Section        0  lto-llvm-d1cc4d.o(.rodata.matrix_known_crc)
    scipat                                   0x000077c8   Data          16  lto-llvm-d1cc4d.o(.rodata.scipat)
    [Anonymous Symbol]                       0x000077c8   Section        0  lto-llvm-d1cc4d.o(.rodata.scipat)
    state_known_crc                          0x000077d8   Data          10  lto-llvm-d1cc4d.o(.rodata.state_known_crc)
    [Anonymous Symbol]                       0x000077d8   Section        0  lto-llvm-d1cc4d.o(.rodata.state_known_crc)
    .L.str.32                                0x000077e2   Data          33  lto-llvm-d1cc4d.o(.rodata.str1.1)
    [Anonymous Symbol]                       0x000077e2   Section        0  lto-llvm-d1cc4d.o(.rodata.str1.1)
    .L.str.14                                0x00007803   Data          23  lto-llvm-d1cc4d.o(.rodata.str1.1)
    .L.str.19                                0x0000781a   Data          23  lto-llvm-d1cc4d.o(.rodata.str1.1)
    .L.str.21                                0x00007831   Data          23  lto-llvm-d1cc4d.o(.rodata.str1.1)
    .L.str.17                                0x00007848   Data          23  lto-llvm-d1cc4d.o(.rodata.str1.1)
    .L.str.16                                0x0000785f   Data          24  lto-llvm-d1cc4d.o(.rodata.str1.1)
    .L.str.12                                0x00007877   Data          24  lto-llvm-d1cc4d.o(.rodata.str1.1)
    .L.str.11                                0x0000788f   Data          24  lto-llvm-d1cc4d.o(.rodata.str1.1)
    .L.str.23                                0x000078a7   Data          27  lto-llvm-d1cc4d.o(.rodata.str1.1)
    .L.str.24                                0x000078c2   Data          28  lto-llvm-d1cc4d.o(.rodata.str1.1)
    .L.str.26                                0x000078de   Data          28  lto-llvm-d1cc4d.o(.rodata.str1.1)
    .L.str.27                                0x000078fa   Data          28  lto-llvm-d1cc4d.o(.rodata.str1.1)
    .L.str.25                                0x00007916   Data          28  lto-llvm-d1cc4d.o(.rodata.str1.1)
    .L.str.10                                0x00007932   Data          48  lto-llvm-d1cc4d.o(.rodata.str1.1)
    .L.str.8                                 0x00007962   Data          47  lto-llvm-d1cc4d.o(.rodata.str1.1)
    .L.str.9                                 0x00007991   Data          49  lto-llvm-d1cc4d.o(.rodata.str1.1)
    .Lstr.38                                 0x000079c2   Data          61  lto-llvm-d1cc4d.o(.rodata.str1.1)
    .L.str.18                                0x000079ff   Data          97  lto-llvm-d1cc4d.o(.rodata.str1.1)
    .Lstr.8                                  0x00007a60   Data          32  lto-llvm-d1cc4d.o(.rodata.str1.1)
    .Lstr.39                                 0x00007a80   Data          44  lto-llvm-d1cc4d.o(.rodata.str1.1)
    .Lstr                                    0x00007aac   Data          43  lto-llvm-d1cc4d.o(.rodata.str1.1)
    .Lstr.41                                 0x00007ad7   Data          43  lto-llvm-d1cc4d.o(.rodata.str1.1)
    .Lstr.40                                 0x00007b02   Data          48  lto-llvm-d1cc4d.o(.rodata.str1.1)
    .Lstr.35                                 0x00007b32   Data          98  lto-llvm-d1cc4d.o(.rodata.str1.1)
    .Lstr.37                                 0x00007b94   Data          72  lto-llvm-d1cc4d.o(.rodata.str1.1)
    .L.str.4                                 0x00007bdc   Data           9  lto-llvm-d1cc4d.o(.rodata.str1.1)
    .L.str.7                                 0x00007be5   Data           9  lto-llvm-d1cc4d.o(.rodata.str1.1)
    .L.str.5                                 0x00007bee   Data           9  lto-llvm-d1cc4d.o(.rodata.str1.1)
    .L.str.6                                 0x00007bf7   Data           9  lto-llvm-d1cc4d.o(.rodata.str1.1)
    .L.str.9.27                              0x00007c00   Data           9  lto-llvm-d1cc4d.o(.rodata.str1.1)
    .L.str.11.29                             0x00007c09   Data           9  lto-llvm-d1cc4d.o(.rodata.str1.1)
    .L.str.31                                0x00007c12   Data           5  lto-llvm-d1cc4d.o(.rodata.str1.1)
    .L.str.3                                 0x00007c17   Data           5  lto-llvm-d1cc4d.o(.rodata.str1.1)
    .L.str.10.28                             0x00007c1c   Data           9  lto-llvm-d1cc4d.o(.rodata.str1.1)
    .L.str.8.26                              0x00007c25   Data           9  lto-llvm-d1cc4d.o(.rodata.str1.1)
    .L.str.1.32                              0x00007c2e   Data           5  lto-llvm-d1cc4d.o(.rodata.str1.1)
    .L.str.2.33                              0x00007c33   Data           5  lto-llvm-d1cc4d.o(.rodata.str1.1)
    .L.str.12.23                             0x00007c38   Data           9  lto-llvm-d1cc4d.o(.rodata.str1.1)
    .L.str.22                                0x00007c41   Data           6  lto-llvm-d1cc4d.o(.rodata.str1.1)
    .L.str.15                                0x00007c47   Data           9  lto-llvm-d1cc4d.o(.rodata.str1.1)
    .Lstr.36                                 0x00007c50   Data          16  lto-llvm-d1cc4d.o(.rodata.str1.1)
    .L.str.13.24                             0x00007c60   Data           9  lto-llvm-d1cc4d.o(.rodata.str1.1)
    .L.str.29                                0x00007c69   Data          26  lto-llvm-d1cc4d.o(.rodata.str1.1)
    .L.str.20                                0x00007c83   Data           6  lto-llvm-d1cc4d.o(.rodata.str1.1)
    .L.str.14.25                             0x00007c89   Data           9  lto-llvm-d1cc4d.o(.rodata.str1.1)
    locale$$data                             0x00007cb4   Section       28  lc_numeric_c.o(locale$$data)
    __lcnum_c_name                           0x00007cb8   Data           2  lc_numeric_c.o(locale$$data)
    __lcnum_c_start                          0x00007cc0   Data           0  lc_numeric_c.o(locale$$data)
    __lcnum_c_point                          0x00007ccc   Data           0  lc_numeric_c.o(locale$$data)
    __lcnum_c_thousands                      0x00007cce   Data           0  lc_numeric_c.o(locale$$data)
    __lcnum_c_grouping                       0x00007ccf   Data           0  lc_numeric_c.o(locale$$data)
    __lcnum_c_end                            0x00007cd0   Data           0  lc_numeric_c.o(locale$$data)
    .data                                    0x20000000   Section        4  stdio_streams.o(.data)
    .data                                    0x20000004   Section        4  stdio_streams.o(.data)
    .data                                    0x20000008   Section        4  stdio_streams.o(.data)
    .bss                                     0x2000000c   Section       84  stdio_streams.o(.bss)
    .bss                                     0x20000060   Section       84  stdio_streams.o(.bss)
    .bss                                     0x200000b4   Section       84  stdio_streams.o(.bss)
    .bss                                     0x20000108   Section       96  libspace.o(.bss)
    SysTickCounter                           0x20000168   Data           4  lto-llvm-d1cc4d.o(.bss.SysTickCounter)
    [Anonymous Symbol]                       0x20000168   Section        0  lto-llvm-d1cc4d.o(.bss.SysTickCounter)

    Global Symbols

    Symbol Name                              Value     Ov Type        Size  Object(Section)

    BuildAttributes$$THM_ISAv4$E$P$D$K$B$S$7EM$8M$PE$A:L22UL41UL21$X:L11$S22US41US21$IEEE1$IW$USESV6$~STKCKD$USESV7$WCHAR32$ENUMINT$~SHL$OTIME$ROPI$IEEEF$UX$STANDARDLIB$REQ8$PRES8$EABIv2 0x00000000   Number         0  anon$$obj.o ABSOLUTE
    __Vectors                                0x00000000   Data        1984  lto-llvm-d1cc4d.o(RESET)
    _printf_flags                            0x00000000   Number         0  printf_stubs.o ABSOLUTE
    _printf_return_value                     0x00000000   Number         0  printf_stubs.o ABSOLUTE
    _printf_sizespec                         0x00000000   Number         0  printf_stubs.o ABSOLUTE
    _printf_widthprec                        0x00000000   Number         0  printf_stubs.o ABSOLUTE
    Image$$ZI$$Limit                          - Undefined Weak Reference
    __ARM_exceptions_init                     - Undefined Weak Reference
    __alloca_initialize                       - Undefined Weak Reference
    __arm_preinit_                            - Undefined Weak Reference
    __cpp_initialize__aeabi_                  - Undefined Weak Reference
    __cxa_finalize                            - Undefined Weak Reference
    __sigvec_lookup                           - Undefined Weak Reference
    __user_heap_extent                        - Undefined Weak Reference
    _atexit_init                              - Undefined Weak Reference
    _call_atexit_fns                          - Undefined Weak Reference
    _clock_init                               - Undefined Weak Reference
    _fp_trap_big                              - Undefined Weak Reference
    _fp_trap_init                             - Undefined Weak Reference
    _fp_trap_shutdown                         - Undefined Weak Reference
    _get_lc_collate                           - Undefined Weak Reference
    _get_lc_ctype                             - Undefined Weak Reference
    _get_lc_monetary                          - Undefined Weak Reference
    _get_lc_time                              - Undefined Weak Reference
    _getenv_init                              - Undefined Weak Reference
    _handle_redirection                       - Undefined Weak Reference
    _mutex_acquire                            - Undefined Weak Reference
    _mutex_free                               - Undefined Weak Reference
    _mutex_release                            - Undefined Weak Reference
    _printf_mbtowc                            - Undefined Weak Reference
    _printf_truncate_signed                   - Undefined Weak Reference
    _printf_truncate_unsigned                 - Undefined Weak Reference
    _rand_init                                - Undefined Weak Reference
    _signal_finish                            - Undefined Weak Reference
    _signal_init                              - Undefined Weak Reference
    __main                                   0x000007c1   Thumb Code     8  __main.o(!!!main)
    __scatterload                            0x000007c9   Thumb Code     0  __scatter.o(!!!scatter)
    __scatterload_rt2                        0x000007c9   Thumb Code    44  __scatter.o(!!!scatter)
    __scatterload_rt2_thumb_only             0x000007c9   Thumb Code     0  __scatter.o(!!!scatter)
    __scatterload_null                       0x000007d7   Thumb Code     0  __scatter.o(!!!scatter)
    __scatterload_copy                       0x000007fd   Thumb Code    26  __scatter_copy.o(!!handler_copy)
    __scatterload_zeroinit                   0x00000819   Thumb Code    28  __scatter_zi.o(!!handler_zi)
    _printf_f                                0x00000835   Thumb Code     0  _printf_f.o(.ARM.Collect$$_printf_percent$$00000003)
    _printf_percent                          0x00000835   Thumb Code     0  _printf_percent.o(.ARM.Collect$$_printf_percent$$00000000)
    _printf_d                                0x0000083b   Thumb Code     0  _printf_d.o(.ARM.Collect$$_printf_percent$$00000009)
    _printf_u                                0x00000841   Thumb Code     0  _printf_u.o(.ARM.Collect$$_printf_percent$$0000000A)
    _printf_x                                0x00000847   Thumb Code     0  _printf_x.o(.ARM.Collect$$_printf_percent$$0000000C)
    _printf_s                                0x0000084d   Thumb Code     0  _printf_s.o(.ARM.Collect$$_printf_percent$$00000014)
    _printf_percent_end                      0x00000853   Thumb Code     0  _printf_percent_end.o(.ARM.Collect$$_printf_percent$$00000017)
    __rt_lib_init                            0x00000857   Thumb Code     0  libinit.o(.ARM.Collect$$libinit$$00000000)
    __rt_lib_init_fp_1                       0x00000859   Thumb Code     0  libinit2.o(.ARM.Collect$$libinit$$00000001)
    __rt_lib_init_heap_2                     0x0000085d   Thumb Code     0  libinit5.o(.ARM.Collect$$libinit$$00000008)
    __rt_lib_init_preinit_1                  0x0000085d   Thumb Code     0  libinit2.o(.ARM.Collect$$libinit$$00000004)
    __rt_lib_init_heap_1                     0x00000865   Thumb Code     0  libinit2.o(.ARM.Collect$$libinit$$0000000A)
    __rt_lib_init_lc_common                  0x00000865   Thumb Code     0  libinit2.o(.ARM.Collect$$libinit$$0000000F)
    __rt_lib_init_rand_1                     0x00000865   Thumb Code     0  libinit2.o(.ARM.Collect$$libinit$$0000000E)
    __rt_lib_init_user_alloc_1               0x00000865   Thumb Code     0  libinit2.o(.ARM.Collect$$libinit$$0000000C)
    __rt_lib_init_lc_collate_1               0x0000086b   Thumb Code     0  libinit2.o(.ARM.Collect$$libinit$$00000011)
    __rt_lib_init_lc_ctype_1                 0x0000086b   Thumb Code     0  libinit2.o(.ARM.Collect$$libinit$$00000013)
    __rt_lib_init_lc_monetary_1              0x0000086b   Thumb Code     0  libinit2.o(.ARM.Collect$$libinit$$00000015)
    __rt_lib_init_lc_numeric_2               0x0000086b   Thumb Code     0  libinit2.o(.ARM.Collect$$libinit$$00000016)
    __rt_lib_init_atexit_1                   0x00000875   Thumb Code     0  libinit2.o(.ARM.Collect$$libinit$$0000001B)
    __rt_lib_init_clock_1                    0x00000875   Thumb Code     0  libinit2.o(.ARM.Collect$$libinit$$00000021)
    __rt_lib_init_fp_trap_1                  0x00000875   Thumb Code     0  libinit2.o(.ARM.Collect$$libinit$$0000001F)
    __rt_lib_init_getenv_1                   0x00000875   Thumb Code     0  libinit2.o(.ARM.Collect$$libinit$$00000023)
    __rt_lib_init_lc_numeric_1               0x00000875   Thumb Code     0  libinit2.o(.ARM.Collect$$libinit$$00000017)
    __rt_lib_init_lc_time_1                  0x00000875   Thumb Code     0  libinit2.o(.ARM.Collect$$libinit$$00000019)
    __rt_lib_init_signal_1                   0x00000875   Thumb Code     0  libinit2.o(.ARM.Collect$$libinit$$0000001D)
    __rt_lib_init_stdio_2                    0x00000875   Thumb Code     0  libinit2.o(.ARM.Collect$$libinit$$00000024)
    __rt_lib_init_alloca_1                   0x00000879   Thumb Code     0  libinit2.o(.ARM.Collect$$libinit$$0000002E)
    __rt_lib_init_argv_1                     0x00000879   Thumb Code     0  libinit2.o(.ARM.Collect$$libinit$$0000002C)
    __rt_lib_init_cpp_1                      0x00000879   Thumb Code     0  libinit2.o(.ARM.Collect$$libinit$$00000032)
    __rt_lib_init_exceptions_1               0x00000879   Thumb Code     0  libinit2.o(.ARM.Collect$$libinit$$00000030)
    __rt_lib_init_return                     0x00000879   Thumb Code     0  libinit2.o(.ARM.Collect$$libinit$$00000033)
    __rt_lib_init_stdio_1                    0x00000879   Thumb Code     0  libinit2.o(.ARM.Collect$$libinit$$00000025)
    __rt_lib_shutdown                        0x00000885   Thumb Code     0  libshutdown.o(.ARM.Collect$$libshutdown$$00000000)
    __rt_lib_shutdown_cpp_1                  0x00000887   Thumb Code     0  libshutdown2.o(.ARM.Collect$$libshutdown$$00000002)
    __rt_lib_shutdown_stdio_2                0x00000887   Thumb Code     0  libshutdown2.o(.ARM.Collect$$libshutdown$$00000003)
    __rt_lib_shutdown_fp_trap_1              0x0000088b   Thumb Code     0  libshutdown2.o(.ARM.Collect$$libshutdown$$00000007)
    __rt_lib_shutdown_heap_1                 0x0000088b   Thumb Code     0  libshutdown2.o(.ARM.Collect$$libshutdown$$0000000F)
    __rt_lib_shutdown_return                 0x0000088b   Thumb Code     0  libshutdown2.o(.ARM.Collect$$libshutdown$$00000010)
    __rt_lib_shutdown_signal_1               0x0000088b   Thumb Code     0  libshutdown2.o(.ARM.Collect$$libshutdown$$0000000A)
    __rt_lib_shutdown_stdio_1                0x0000088b   Thumb Code     0  libshutdown2.o(.ARM.Collect$$libshutdown$$00000004)
    __rt_lib_shutdown_user_alloc_1           0x0000088b   Thumb Code     0  libshutdown2.o(.ARM.Collect$$libshutdown$$0000000C)
    __rt_entry                               0x0000088d   Thumb Code     0  __rtentry.o(.ARM.Collect$$rtentry$$00000000)
    __rt_entry_presh_1                       0x0000088d   Thumb Code     0  __rtentry2.o(.ARM.Collect$$rtentry$$00000002)
    __rt_entry_sh                            0x0000088d   Thumb Code     0  __rtentry7.o(.ARM.Collect$$rtentry$$00000007)
    __rt_entry_li                            0x00000891   Thumb Code     0  __rtentry2.o(.ARM.Collect$$rtentry$$0000000A)
    __rt_entry_postsh_1                      0x00000891   Thumb Code     0  __rtentry2.o(.ARM.Collect$$rtentry$$00000009)
    __rt_entry_main                          0x00000895   Thumb Code     0  __rtentry2.o(.ARM.Collect$$rtentry$$0000000D)
    __rt_entry_postli_1                      0x00000895   Thumb Code     0  __rtentry2.o(.ARM.Collect$$rtentry$$0000000C)
    __rt_exit                                0x000008a1   Thumb Code     0  rtexit.o(.ARM.Collect$$rtexit$$00000000)
    __rt_exit_ls                             0x000008a3   Thumb Code     0  rtexit2.o(.ARM.Collect$$rtexit$$00000003)
    __rt_exit_prels_1                        0x000008a3   Thumb Code     0  rtexit2.o(.ARM.Collect$$rtexit$$00000002)
    __rt_exit_exit                           0x000008a7   Thumb Code     0  rtexit2.o(.ARM.Collect$$rtexit$$00000004)
    __2printf                                0x000008ad   Thumb Code    20  noretval__2printf.o(.text)
    _printf_pre_padding                      0x000008c5   Thumb Code    44  _printf_pad.o(.text)
    _printf_post_padding                     0x000008f1   Thumb Code    34  _printf_pad.o(.text)
    _printf_str                              0x00000913   Thumb Code    82  _printf_str.o(.text)
    _printf_int_dec                          0x00000965   Thumb Code   104  _printf_dec.o(.text)
    _printf_int_hex                          0x000009dd   Thumb Code    84  _printf_hex_int.o(.text)
    _printf_longlong_hex                     0x000009dd   Thumb Code     0  _printf_hex_int.o(.text)
    __printf                                 0x00000a35   Thumb Code   388  __printf_flags_ss_wp.o(.text)
    putchar                                  0x00000bbd   Thumb Code     6  putchar.o(.text)
    puts                                     0x00000bc9   Thumb Code    40  puts.o(.text)
    strcmp                                   0x00000bf9   Thumb Code   124  strcmpv8m_maindsp.o(.text)
    _printf_int_common                       0x00000c75   Thumb Code   178  _printf_intcommon.o(.text)
    _printf_fp_dec_real                      0x00000ed7   Thumb Code   620  _printf_fp_dec.o(.text)
    _printf_cs_common                        0x00001143   Thumb Code    20  _printf_char.o(.text)
    _printf_char                             0x00001157   Thumb Code    16  _printf_char.o(.text)
    _printf_string                           0x00001167   Thumb Code     8  _printf_char.o(.text)
    _printf_char_file                        0x00001171   Thumb Code    32  _printf_char_file.o(.text)
    __rt_locale                              0x00001195   Thumb Code     8  rt_locale_intlibspace.o(.text)
    _ll_udiv10                               0x0000119d   Thumb Code   138  lludiv10.o(.text)
    _printf_char_common                      0x00001233   Thumb Code    32  _printf_char_common.o(.text)
    _printf_fp_infnan                        0x00001259   Thumb Code   112  _printf_fp_infnan.o(.text)
    _btod_etento                             0x000012d9   Thumb Code   224  bigflt0.o(.text)
    ferror                                   0x000013bd   Thumb Code     8  ferror.o(.text)
    __flsbuf                                 0x000013c5   Thumb Code   470  flsbuf.o(.text)
    __flsbuf_byte                            0x000013c5   Thumb Code     0  flsbuf.o(.text)
    __flsbuf_wide                            0x000013c5   Thumb Code     0  flsbuf.o(.text)
    _initio                                  0x0000159d   Thumb Code   210  initio.o(.text)
    _terminateio                             0x0000166f   Thumb Code    56  initio.o(.text)
    __rt_fp_status_addr                      0x000016d5   Thumb Code     8  rt_fp_status_addr_intlibspace.o(.text)
    malloc                                   0x000016dd   Thumb Code    94  h1_alloc.o(.text)
    free                                     0x0000173b   Thumb Code    78  h1_free.o(.text)
    setvbuf                                  0x00001789   Thumb Code    70  setvbuf.o(.text)
    _seterr                                  0x000017d1   Thumb Code    20  stdio.o(.text)
    _writebuf                                0x000017e5   Thumb Code    84  stdio.o(.text)
    _fflush                                  0x00001839   Thumb Code    70  stdio.o(.text)
    _deferredlazyseek                        0x0000187f   Thumb Code    60  stdio.o(.text)
    freopen                                  0x000018c1   Thumb Code   160  fopen.o(.text)
    fopen                                    0x00001961   Thumb Code    74  fopen.o(.text)
    _fclose_internal                         0x000019b1   Thumb Code    76  fclose.o(.text)
    fclose                                   0x000019b1   Thumb Code     0  fclose.o(.text)
    exit                                     0x000019fd   Thumb Code    18  exit.o(.text)
    __rt_SIGRTRED                            0x00001a0f   Thumb Code    14  defsig_rtred_outer.o(.text)
    __aeabi_memclr4                          0x00001a1d   Thumb Code     0  rt_memclr_w.o(.text)
    __aeabi_memclr8                          0x00001a1d   Thumb Code     0  rt_memclr_w.o(.text)
    __rt_memclr_w                            0x00001a1d   Thumb Code    78  rt_memclr_w.o(.text)
    _memset_w                                0x00001a21   Thumb Code     0  rt_memclr_w.o(.text)
    __rt_heap_descriptor                     0x00001a6d   Thumb Code     8  rt_heap_descriptor_intlibspace.o(.text)
    __use_no_heap                            0x00001a75   Thumb Code     2  hguard.o(.text)
    __heap$guard                             0x00001a77   Thumb Code     2  hguard.o(.text)
    _terminate_user_alloc                    0x00001a79   Thumb Code     2  init_alloc.o(.text)
    _init_user_alloc                         0x00001a7b   Thumb Code     2  init_alloc.o(.text)
    __Heap_Full                              0x00001a7d   Thumb Code    34  init_alloc.o(.text)
    __Heap_Broken                            0x00001a9f   Thumb Code     6  init_alloc.o(.text)
    _init_alloc                              0x00001aa5   Thumb Code    94  init_alloc.o(.text)
    __Heap_Initialize                        0x00001b03   Thumb Code    10  h1_init.o(.text)
    __Heap_DescSize                          0x00001b0d   Thumb Code     4  h1_init.o(.text)
    _fseek                                   0x00001b11   Thumb Code   242  fseek.o(.text)
    fseek                                    0x00001b11   Thumb Code     0  fseek.o(.text)
    __sig_exit                               0x00001c09   Thumb Code    10  defsig_exit.o(.text)
    __rt_SIGRTRED_inner                      0x00001c15   Thumb Code    14  defsig_rtred_inner.o(.text)
    _sys_exit                                0x00001c49   Thumb Code     8  sys_exit.o(.text)
    __I$use$semihosting                      0x00001c55   Thumb Code     0  use_no_semi.o(.text)
    __use_no_semihosting_swi                 0x00001c55   Thumb Code     2  use_no_semi.o(.text)
    __Heap_ProvideMemory                     0x00001c57   Thumb Code    52  h1_extend.o(.text)
    __semihosting_library_function           0x00001c57   Thumb Code     0  indicate_semi.o(.text)
    _maybe_terminate_alloc                   0x00001c57   Thumb Code     0  maybetermalloc1.o(.text)
    _ftell_internal                          0x00001c8b   Thumb Code    66  ftell.o(.text)
    ftell                                    0x00001c8b   Thumb Code     0  ftell.o(.text)
    __default_signal_display                 0x00001ccd   Thumb Code    50  defsig_general.o(.text)
    __rt_SIGRTMEM                            0x00001cff   Thumb Code    14  defsig_rtmem_outer.o(.text)
    _ttywrch                                 0x00001d0d   Thumb Code    14  sys_wrch.o(.text)
    __aeabi_errno_addr                       0x00001d1d   Thumb Code     8  rt_errno_addr_intlibspace.o(.text)
    __errno$intlibspace                      0x00001d1d   Thumb Code     0  rt_errno_addr_intlibspace.o(.text)
    __rt_errno_addr$intlibspace              0x00001d1d   Thumb Code     0  rt_errno_addr_intlibspace.o(.text)
    __rt_SIGRTMEM_inner                      0x00001d25   Thumb Code    22  defsig_rtmem_inner.o(.text)
    __rt_SIGFPE_inner                        0x00001d75   Thumb Code    62  defsig_fpe_inner.o(.text)
    __aeabi_memclr                           0x00001e21   Thumb Code     0  rt_memclr.o(.text)
    __rt_memclr                              0x00001e21   Thumb Code    68  rt_memclr.o(.text)
    _memset                                  0x00001e25   Thumb Code     0  rt_memclr.o(.text)
    _fp_trap                                 0x00001e65   Thumb Code    44  _fptrap.o(.text)
    __rt_SIGFPE                              0x00001e95   Thumb Code    14  defsig_fpe_outer.o(.text)
    _sys_close                               0x0000227d   Thumb Code    18  lto-llvm-d1cc4d.o(.text._sys_close)
    _sys_istty                               0x00002291   Thumb Code    16  lto-llvm-d1cc4d.o(.text._sys_istty)
    _sys_open                                0x000022a1   Thumb Code    96  lto-llvm-d1cc4d.o(.text._sys_open)
    _sys_write                               0x00002301   Thumb Code   304  lto-llvm-d1cc4d.o(.text._sys_write)
    main                                     0x00005d21   Thumb Code  1092  lto-llvm-d1cc4d.o(.text.main)
    _btod_d2e                                0x00006165   Thumb Code    62  btod.o(CL$$btod_d2e)
    _d2e_denorm_low                          0x000061a3   Thumb Code    70  btod.o(CL$$btod_d2e_denorm_low)
    _d2e_norm_op1                            0x000061e9   Thumb Code    96  btod.o(CL$$btod_d2e_norm_op1)
    __btod_div_common                        0x00006249   Thumb Code   696  btod.o(CL$$btod_div_common)
    _e2e                                     0x00006581   Thumb Code   220  btod.o(CL$$btod_e2e)
    _btod_ediv                               0x0000665d   Thumb Code    42  btod.o(CL$$btod_ediv)
    _btod_emul                               0x00006687   Thumb Code    42  btod.o(CL$$btod_emul)
    __btod_mult_common                       0x000066b1   Thumb Code   580  btod.o(CL$$btod_mult_common)
    __ARM_fpclassify                         0x000068f5   Thumb Code    40  fpclassify.o(i.__ARM_fpclassify)
    _is_digit                                0x0000691d   Thumb Code    14  __printf_wp.o(i._is_digit)
    fputc                                    0x0000692b   Thumb Code    26  fputc.o(i.fputc)
    _get_lc_numeric                          0x00006945   Thumb Code    44  lc_numeric_c.o(locale$$code)
    __fpl_dcmp_Inf                           0x00006971   Thumb Code    24  dcmpi.o(x$fpl$dcmpinf)
    __aeabi_ddiv                             0x00006989   Thumb Code     0  ddiv_clz.o(x$fpl$ddiv)
    _ddiv                                    0x00006989   Thumb Code   604  ddiv_clz.o(x$fpl$ddiv)
    __aeabi_cdcmpeq                          0x00006c71   Thumb Code     0  deqf.o(x$fpl$deqf)
    _dcmpeq                                  0x00006c71   Thumb Code   116  deqf.o(x$fpl$deqf)
    __aeabi_d2uiz                            0x00006ce5   Thumb Code     0  dfixu.o(x$fpl$dfixu)
    _dfixu                                   0x00006ce5   Thumb Code   126  dfixu.o(x$fpl$dfixu)
    __aeabi_ui2d                             0x00006d69   Thumb Code     0  dflt_clz.o(x$fpl$dfltu)
    _dfltu                                   0x00006d69   Thumb Code    38  dflt_clz.o(x$fpl$dfltu)
    __aeabi_cdcmpge                          0x00006d91   Thumb Code     0  dgeqf.o(x$fpl$dgeqf)
    _dcmpge                                  0x00006d91   Thumb Code   120  dgeqf.o(x$fpl$dgeqf)
    __aeabi_cdcmple                          0x00006e09   Thumb Code     0  dleqf.o(x$fpl$dleqf)
    _dcmple                                  0x00006e09   Thumb Code   120  dleqf.o(x$fpl$dleqf)
    __fpl_dcmple_InfNaN                      0x00006e61   Thumb Code     0  dleqf.o(x$fpl$dleqf)
    __aeabi_dmul                             0x00006e81   Thumb Code     0  dmul_clz.o(x$fpl$dmul)
    _dmul                                    0x00006e81   Thumb Code   384  dmul_clz.o(x$fpl$dmul)
    __fpl_dnaninf                            0x00007005   Thumb Code   258  dnaninf.o(x$fpl$dnaninf)
    __fpl_drenorm2                           0x00007107   Thumb Code   106  drenorm_clz.o(x$fpl$drenorm)
    __fpl_drenorm1                           0x00007171   Thumb Code     6  drenorm_clz.o(x$fpl$drenorm)
    __fpl_dretinf                            0x00007177   Thumb Code    12  dretinf.o(x$fpl$dretinf)
    __dunder                                 0x00007183   Thumb Code   312  dunder_clz.o(x$fpl$dunder)
    __dunder_d                               0x000072bb   Thumb Code    80  dunder_clz.o(x$fpl$dunder)
    __fpl_exception                          0x0000730d   Thumb Code   414  except.o(x$fpl$exception)
    __aeabi_dcmpeq                           0x000074c5   Thumb Code     0  dcmp.o(x$fpl$fcmp)
    _deq                                     0x000074c5   Thumb Code    14  dcmp.o(x$fpl$fcmp)
    _dneq                                    0x000074d3   Thumb Code    14  dcmp.o(x$fpl$fcmp)
    __aeabi_dcmpgt                           0x000074e1   Thumb Code     0  dcmp.o(x$fpl$fcmp)
    _dgr                                     0x000074e1   Thumb Code    14  dcmp.o(x$fpl$fcmp)
    __aeabi_dcmpge                           0x000074ef   Thumb Code     0  dcmp.o(x$fpl$fcmp)
    _dgeq                                    0x000074ef   Thumb Code    14  dcmp.o(x$fpl$fcmp)
    __aeabi_dcmple                           0x000074fd   Thumb Code     0  dcmp.o(x$fpl$fcmp)
    _dleq                                    0x000074fd   Thumb Code    14  dcmp.o(x$fpl$fcmp)
    __aeabi_dcmplt                           0x0000750b   Thumb Code     0  dcmp.o(x$fpl$fcmp)
    _dls                                     0x0000750b   Thumb Code    14  dcmp.o(x$fpl$fcmp)
    _fp_init                                 0x00007519   Thumb Code    14  fpinit.o(x$fpl$fpinit)
    __fplib_config_pureend_doubles           0x00007525   Thumb Code     0  fpinit.o(x$fpl$fpinit)
    __ieee_status                            0x00007529   Thumb Code    42  istatus.o(x$fpl$ieeestatus)
    _printf_fp_dec                           0x00007559   Thumb Code     4  printf1.o(x$fpl$printf1)
    __fpl_return_NaN                         0x0000755d   Thumb Code   178  retnan.o(x$fpl$retnan)
    _fp_trapveneer                           0x0000760f   Thumb Code    36  trapv.o(x$fpl$trapveneer)
    __fpl_cmpreturn                          0x00007633   Thumb Code   108  trapv.o(x$fpl$trapveneer)
    __I$use$fp                               0x0000769e   Number         0  usenofp.o(x$fpl$usenofp)
    __stderr_name                            0x0000776c   Data           8  lto-llvm-d1cc4d.o(.rodata.__stderr_name)
    __stdin_name                             0x00007774   Data           7  lto-llvm-d1cc4d.o(.rodata.__stdin_name)
    __stdout_name                            0x0000777b   Data           8  lto-llvm-d1cc4d.o(.rodata.__stdout_name)
    Region$$Table$$Base                      0x00007c94   Number         0  anon$$obj.o(Region$$Table)
    Region$$Table$$Limit                     0x00007cb4   Number         0  anon$$obj.o(Region$$Table)
    __aeabi_stdin                            0x20000000   Data           4  stdio_streams.o(.data)
    __aeabi_stdout                           0x20000004   Data           4  stdio_streams.o(.data)
    __aeabi_stderr                           0x20000008   Data           4  stdio_streams.o(.data)
    __stdin                                  0x2000000c   Data          84  stdio_streams.o(.bss)
    __stdout                                 0x20000060   Data          84  stdio_streams.o(.bss)
    __stderr                                 0x200000b4   Data          84  stdio_streams.o(.bss)
    __libspace_start                         0x20000108   Data          96  libspace.o(.bss)
    __temporary_stack_top$libspace           0x20000168   Data           0  libspace.o(.bss)
    Image$$ARM_LIB_HEAP$$ZI$$Base            0x20000170   Number         0  anon$$obj.o ABSOLUTE
    Image$$ARM_LIB_HEAP$$ZI$$Limit           0x20002170   Number         0  anon$$obj.o ABSOLUTE
    Image$$ARM_LIB_STACK$$ZI$$Base           0x201fe000   Number         0  anon$$obj.o ABSOLUTE
    Image$$ARM_LIB_STACK$$ZI$$Limit          0x20200000   Number         0  anon$$obj.o ABSOLUTE



==============================================================================

Memory Map of the image

  Image Entry point : 0x000007c1

  Load Region LR_ROM (Base: 0x00000000, Size: 0x00007cdc, Max: 0x00200000, ABSOLUTE)

    Execution Region ER_ROM (Exec base: 0x00000000, Load base: 0x00000000, Size: 0x00007cd0, Max: 0x00200000, ABSOLUTE)

    Exec Addr    Load Addr    Size         Type   Attr      Idx    E Section Name        Object

    0x00000000   0x00000000   0x000007c0   Data   RO          559    RESET               lto-llvm-d1cc4d.o
    0x000007c0   0x000007c0   0x00000008   Code   RO           83  * !!!main             c_wu.l(__main.o)
    0x000007c8   0x000007c8   0x00000034   Code   RO          617    !!!scatter          c_wu.l(__scatter.o)
    0x000007fc   0x000007fc   0x0000001a   Code   RO          619    !!handler_copy      c_wu.l(__scatter_copy.o)
    0x00000816   0x00000816   0x00000002   PAD
    0x00000818   0x00000818   0x0000001c   Code   RO          621    !!handler_zi        c_wu.l(__scatter_zi.o)
    0x00000834   0x00000834   0x00000000   Code   RO           76    .ARM.Collect$$_printf_percent$$00000000  c_wu.l(_printf_percent.o)
    0x00000834   0x00000834   0x00000006   Code   RO           75    .ARM.Collect$$_printf_percent$$00000003  c_wu.l(_printf_f.o)
    0x0000083a   0x0000083a   0x00000006   Code   RO           73    .ARM.Collect$$_printf_percent$$00000009  c_wu.l(_printf_d.o)
    0x00000840   0x00000840   0x00000006   Code   RO           74    .ARM.Collect$$_printf_percent$$0000000A  c_wu.l(_printf_u.o)
    0x00000846   0x00000846   0x00000006   Code   RO           72    .ARM.Collect$$_printf_percent$$0000000C  c_wu.l(_printf_x.o)
    0x0000084c   0x0000084c   0x00000006   Code   RO           71    .ARM.Collect$$_printf_percent$$00000014  c_wu.l(_printf_s.o)
    0x00000852   0x00000852   0x00000004   Code   RO           98    .ARM.Collect$$_printf_percent$$00000017  c_wu.l(_printf_percent_end.o)
    0x00000856   0x00000856   0x00000002   Code   RO          303    .ARM.Collect$$libinit$$00000000  c_wu.l(libinit.o)
    0x00000858   0x00000858   0x00000004   Code   RO          304    .ARM.Collect$$libinit$$00000001  c_wu.l(libinit2.o)
    0x0000085c   0x0000085c   0x00000000   Code   RO          307    .ARM.Collect$$libinit$$00000004  c_wu.l(libinit2.o)
    0x0000085c   0x0000085c   0x00000008   Code   RO          420    .ARM.Collect$$libinit$$00000008  c_wu.l(libinit5.o)
    0x00000864   0x00000864   0x00000000   Code   RO          310    .ARM.Collect$$libinit$$0000000A  c_wu.l(libinit2.o)
    0x00000864   0x00000864   0x00000000   Code   RO          312    .ARM.Collect$$libinit$$0000000C  c_wu.l(libinit2.o)
    0x00000864   0x00000864   0x00000000   Code   RO          314    .ARM.Collect$$libinit$$0000000E  c_wu.l(libinit2.o)
    0x00000864   0x00000864   0x00000006   Code   RO          315    .ARM.Collect$$libinit$$0000000F  c_wu.l(libinit2.o)
    0x0000086a   0x0000086a   0x00000000   Code   RO          317    .ARM.Collect$$libinit$$00000011  c_wu.l(libinit2.o)
    0x0000086a   0x0000086a   0x00000000   Code   RO          319    .ARM.Collect$$libinit$$00000013  c_wu.l(libinit2.o)
    0x0000086a   0x0000086a   0x00000000   Code   RO          321    .ARM.Collect$$libinit$$00000015  c_wu.l(libinit2.o)
    0x0000086a   0x0000086a   0x0000000a   Code   RO          322    .ARM.Collect$$libinit$$00000016  c_wu.l(libinit2.o)
    0x00000874   0x00000874   0x00000000   Code   RO          323    .ARM.Collect$$libinit$$00000017  c_wu.l(libinit2.o)
    0x00000874   0x00000874   0x00000000   Code   RO          325    .ARM.Collect$$libinit$$00000019  c_wu.l(libinit2.o)
    0x00000874   0x00000874   0x00000000   Code   RO          327    .ARM.Collect$$libinit$$0000001B  c_wu.l(libinit2.o)
    0x00000874   0x00000874   0x00000000   Code   RO          329    .ARM.Collect$$libinit$$0000001D  c_wu.l(libinit2.o)
    0x00000874   0x00000874   0x00000000   Code   RO          331    .ARM.Collect$$libinit$$0000001F  c_wu.l(libinit2.o)
    0x00000874   0x00000874   0x00000000   Code   RO          333    .ARM.Collect$$libinit$$00000021  c_wu.l(libinit2.o)
    0x00000874   0x00000874   0x00000000   Code   RO          335    .ARM.Collect$$libinit$$00000023  c_wu.l(libinit2.o)
    0x00000874   0x00000874   0x00000004   Code   RO          336    .ARM.Collect$$libinit$$00000024  c_wu.l(libinit2.o)
    0x00000878   0x00000878   0x00000000   Code   RO          337    .ARM.Collect$$libinit$$00000025  c_wu.l(libinit2.o)
    0x00000878   0x00000878   0x00000000   Code   RO          341    .ARM.Collect$$libinit$$0000002C  c_wu.l(libinit2.o)
    0x00000878   0x00000878   0x00000000   Code   RO          343    .ARM.Collect$$libinit$$0000002E  c_wu.l(libinit2.o)
    0x00000878   0x00000878   0x00000000   Code   RO          345    .ARM.Collect$$libinit$$00000030  c_wu.l(libinit2.o)
    0x00000878   0x00000878   0x00000000   Code   RO          347    .ARM.Collect$$libinit$$00000032  c_wu.l(libinit2.o)
    0x00000878   0x00000878   0x00000002   Code   RO          348    .ARM.Collect$$libinit$$00000033  c_wu.l(libinit2.o)
    0x0000087a   0x0000087a   0x00000002   PAD
    0x0000087c   0x0000087c   0x00000008   Code   RO          421    .ARM.Collect$$libinit$$00002719  c_wu.l(libinit5.o)
    0x00000884   0x00000884   0x00000002   Code   RO          488    .ARM.Collect$$libshutdown$$00000000  c_wu.l(libshutdown.o)
    0x00000886   0x00000886   0x00000000   Code   RO          350    .ARM.Collect$$libshutdown$$00000002  c_wu.l(libshutdown2.o)
    0x00000886   0x00000886   0x00000004   Code   RO          351    .ARM.Collect$$libshutdown$$00000003  c_wu.l(libshutdown2.o)
    0x0000088a   0x0000088a   0x00000000   Code   RO          352    .ARM.Collect$$libshutdown$$00000004  c_wu.l(libshutdown2.o)
    0x0000088a   0x0000088a   0x00000000   Code   RO          355    .ARM.Collect$$libshutdown$$00000007  c_wu.l(libshutdown2.o)
    0x0000088a   0x0000088a   0x00000000   Code   RO          358    .ARM.Collect$$libshutdown$$0000000A  c_wu.l(libshutdown2.o)
    0x0000088a   0x0000088a   0x00000000   Code   RO          360    .ARM.Collect$$libshutdown$$0000000C  c_wu.l(libshutdown2.o)
    0x0000088a   0x0000088a   0x00000000   Code   RO          363    .ARM.Collect$$libshutdown$$0000000F  c_wu.l(libshutdown2.o)
    0x0000088a   0x0000088a   0x00000002   Code   RO          364    .ARM.Collect$$libshutdown$$00000010  c_wu.l(libshutdown2.o)
    0x0000088c   0x0000088c   0x00000000   Code   RO           87    .ARM.Collect$$rtentry$$00000000  c_wu.l(__rtentry.o)
    0x0000088c   0x0000088c   0x00000000   Code   RO          112    .ARM.Collect$$rtentry$$00000002  c_wu.l(__rtentry2.o)
    0x0000088c   0x0000088c   0x00000004   Code   RO          126    .ARM.Collect$$rtentry$$00000007  c_wu.l(__rtentry7.o)
    0x00000890   0x00000890   0x00000000   Code   RO          114    .ARM.Collect$$rtentry$$00000009  c_wu.l(__rtentry2.o)
    0x00000890   0x00000890   0x00000004   Code   RO          115    .ARM.Collect$$rtentry$$0000000A  c_wu.l(__rtentry2.o)
    0x00000894   0x00000894   0x00000000   Code   RO          117    .ARM.Collect$$rtentry$$0000000C  c_wu.l(__rtentry2.o)
    0x00000894   0x00000894   0x00000008   Code   RO          118    .ARM.Collect$$rtentry$$0000000D  c_wu.l(__rtentry2.o)
    0x0000089c   0x0000089c   0x00000004   Code   RO          127    .ARM.Collect$$rtentry$$00002718  c_wu.l(__rtentry7.o)
    0x000008a0   0x000008a0   0x00000002   Code   RO          369    .ARM.Collect$$rtexit$$00000000  c_wu.l(rtexit.o)
    0x000008a2   0x000008a2   0x00000000   Code   RO          438    .ARM.Collect$$rtexit$$00000002  c_wu.l(rtexit2.o)
    0x000008a2   0x000008a2   0x00000004   Code   RO          439    .ARM.Collect$$rtexit$$00000003  c_wu.l(rtexit2.o)
    0x000008a6   0x000008a6   0x00000006   Code   RO          440    .ARM.Collect$$rtexit$$00000004  c_wu.l(rtexit2.o)
    0x000008ac   0x000008ac   0x00000018   Code   RO           19    .text               c_wu.l(noretval__2printf.o)
    0x000008c4   0x000008c4   0x0000004e   Code   RO           23    .text               c_wu.l(_printf_pad.o)
    0x00000912   0x00000912   0x00000052   Code   RO           25    .text               c_wu.l(_printf_str.o)
    0x00000964   0x00000964   0x00000078   Code   RO           27    .text               c_wu.l(_printf_dec.o)
    0x000009dc   0x000009dc   0x00000058   Code   RO           32    .text               c_wu.l(_printf_hex_int.o)
    0x00000a34   0x00000a34   0x00000188   Code   RO           68    .text               c_wu.l(__printf_flags_ss_wp.o)
    0x00000bbc   0x00000bbc   0x0000000c   Code   RO           77    .text               c_wu.l(putchar.o)
    0x00000bc8   0x00000bc8   0x0000002c   Code   RO           79    .text               c_wu.l(puts.o)
    0x00000bf4   0x00000bf4   0x00000004   PAD
    0x00000bf8   0x00000bf8   0x0000007c   Code   RO           81    .text               c_wu.l(strcmpv8m_maindsp.o)
    0x00000c74   0x00000c74   0x000000b2   Code   RO           88    .text               c_wu.l(_printf_intcommon.o)
    0x00000d26   0x00000d26   0x0000041c   Code   RO           90    .text               c_wu.l(_printf_fp_dec.o)
    0x00001142   0x00001142   0x0000002c   Code   RO           94    .text               c_wu.l(_printf_char.o)
    0x0000116e   0x0000116e   0x00000002   PAD
    0x00001170   0x00001170   0x00000024   Code   RO           96    .text               c_wu.l(_printf_char_file.o)
    0x00001194   0x00001194   0x00000008   Code   RO          134    .text               c_wu.l(rt_locale_intlibspace.o)
    0x0000119c   0x0000119c   0x0000008a   Code   RO          136    .text               c_wu.l(lludiv10.o)
    0x00001226   0x00001226   0x00000002   PAD
    0x00001228   0x00001228   0x00000030   Code   RO          138    .text               c_wu.l(_printf_char_common.o)
    0x00001258   0x00001258   0x00000080   Code   RO          140    .text               c_wu.l(_printf_fp_infnan.o)
    0x000012d8   0x000012d8   0x000000e4   Code   RO          142    .text               c_wu.l(bigflt0.o)
    0x000013bc   0x000013bc   0x00000008   Code   RO          169    .text               c_wu.l(ferror.o)
    0x000013c4   0x000013c4   0x000001d6   Code   RO          171    .text               c_wu.l(flsbuf.o)
    0x0000159a   0x0000159a   0x00000002   PAD
    0x0000159c   0x0000159c   0x00000138   Code   RO          173    .text               c_wu.l(initio.o)
    0x000016d4   0x000016d4   0x00000008   Code   RO          199    .text               c_wu.l(rt_fp_status_addr_intlibspace.o)
    0x000016dc   0x000016dc   0x0000005e   Code   RO          205    .text               c_wu.l(h1_alloc.o)
    0x0000173a   0x0000173a   0x0000004e   Code   RO          207    .text               c_wu.l(h1_free.o)
    0x00001788   0x00001788   0x00000046   Code   RO          269    .text               c_wu.l(setvbuf.o)
    0x000017ce   0x000017ce   0x00000002   PAD
    0x000017d0   0x000017d0   0x000000f0   Code   RO          271    .text               c_wu.l(stdio.o)
    0x000018c0   0x000018c0   0x000000f0   Code   RO          276    .text               c_wu.l(fopen.o)
    0x000019b0   0x000019b0   0x0000004c   Code   RO          278    .text               c_wu.l(fclose.o)
    0x000019fc   0x000019fc   0x00000012   Code   RO          288    .text               c_wu.l(exit.o)
    0x00001a0e   0x00001a0e   0x0000000e   Code   RO          290    .text               c_wu.l(defsig_rtred_outer.o)
    0x00001a1c   0x00001a1c   0x0000004e   Code   RO          296    .text               c_wu.l(rt_memclr_w.o)
    0x00001a6a   0x00001a6a   0x00000002   PAD
    0x00001a6c   0x00001a6c   0x00000008   Code   RO          376    .text               c_wu.l(rt_heap_descriptor_intlibspace.o)
    0x00001a74   0x00001a74   0x00000004   Code   RO          378    .text               c_wu.l(hguard.o)
    0x00001a78   0x00001a78   0x0000008a   Code   RO          380    .text               c_wu.l(init_alloc.o)
    0x00001b02   0x00001b02   0x0000000e   Code   RO          384    .text               c_wu.l(h1_init.o)
    0x00001b10   0x00001b10   0x000000f8   Code   RO          402    .text               c_wu.l(fseek.o)
    0x00001c08   0x00001c08   0x0000000a   Code   RO          408    .text               c_wu.l(defsig_exit.o)
    0x00001c12   0x00001c12   0x00000002   PAD
    0x00001c14   0x00001c14   0x00000034   Code   RO          410    .text               c_wu.l(defsig_rtred_inner.o)
    0x00001c48   0x00001c48   0x0000000c   Code   RO          428    .text               c_wu.l(sys_exit.o)
    0x00001c54   0x00001c54   0x00000002   Code   RO          434    .text               c_wu.l(use_no_semi.o)
    0x00001c56   0x00001c56   0x00000000   Code   RO          436    .text               c_wu.l(indicate_semi.o)
    0x00001c56   0x00001c56   0x00000000   Code   RO          446    .text               c_wu.l(maybetermalloc1.o)
    0x00001c56   0x00001c56   0x00000034   Code   RO          448    .text               c_wu.l(h1_extend.o)
    0x00001c8a   0x00001c8a   0x00000042   Code   RO          452    .text               c_wu.l(ftell.o)
    0x00001ccc   0x00001ccc   0x00000032   Code   RO          456    .text               c_wu.l(defsig_general.o)
    0x00001cfe   0x00001cfe   0x0000000e   Code   RO          458    .text               c_wu.l(defsig_rtmem_outer.o)
    0x00001d0c   0x00001d0c   0x0000000e   Code   RO          471    .text               c_wu.l(sys_wrch.o)
    0x00001d1a   0x00001d1a   0x00000002   PAD
    0x00001d1c   0x00001d1c   0x00000008   Code   RO          478    .text               c_wu.l(rt_errno_addr_intlibspace.o)
    0x00001d24   0x00001d24   0x00000050   Code   RO          482    .text               c_wu.l(defsig_rtmem_inner.o)
    0x00001d74   0x00001d74   0x000000ac   Code   RO          495    .text               c_wu.l(defsig_fpe_inner.o)
    0x00001e20   0x00001e20   0x00000044   Code   RO          567    .text               c_wu.l(rt_memclr.o)
    0x00001e64   0x00001e64   0x00000030   Code   RO          609    .text               c_wu.l(_fptrap.o)
    0x00001e94   0x00001e94   0x0000000e   Code   RO          611    .text               c_wu.l(defsig_fpe_outer.o)
    0x00001ea2   0x00001ea2   0x00000002   PAD
    0x00001ea4   0x00001ea4   0x00000002   Code   RO          542    .text.Default_Handler  lto-llvm-d1cc4d.o
    0x00001ea6   0x00001ea6   0x00000002   PAD
    0x00001ea8   0x00001ea8   0x00000014   Code   RO          540    .text.Reset_Handler  lto-llvm-d1cc4d.o
    0x00001ebc   0x00001ebc   0x00000010   Code   RO          524    .text.SysTick_Handler  lto-llvm-d1cc4d.o
    0x00001ecc   0x00001ecc   0x000003ae   Code   RO          544    .text.SystemInit    lto-llvm-d1cc4d.o
    0x0000227a   0x0000227a   0x00000002   PAD
    0x0000227c   0x0000227c   0x00000012   Code   RO          530    .text._sys_close    lto-llvm-d1cc4d.o
    0x0000228e   0x0000228e   0x00000002   PAD
    0x00002290   0x00002290   0x00000010   Code   RO          534    .text._sys_istty    lto-llvm-d1cc4d.o
    0x000022a0   0x000022a0   0x00000060   Code   RO          528    .text._sys_open     lto-llvm-d1cc4d.o
    0x00002300   0x00002300   0x00000130   Code   RO          532    .text._sys_write    lto-llvm-d1cc4d.o
    0x00002430   0x00002430   0x00000818   Code   RO          508    .text.core_bench_list  lto-llvm-d1cc4d.o
    0x00002c48   0x00002c48   0x000018de   Code   RO          512    .text.core_bench_matrix  lto-llvm-d1cc4d.o
    0x00004526   0x00004526   0x00000002   PAD
    0x00004528   0x00004528   0x000005f0   Code   RO          514    .text.core_bench_state  lto-llvm-d1cc4d.o
    0x00004b18   0x00004b18   0x00000cd0   Code   RO          510    .text.coremark_main  lto-llvm-d1cc4d.o
    0x000057e8   0x000057e8   0x00000116   Code   RO          522    .text.crc16         lto-llvm-d1cc4d.o
    0x000058fe   0x000058fe   0x00000002   PAD
    0x00005900   0x00005900   0x00000116   Code   RO          518    .text.crcu16        lto-llvm-d1cc4d.o
    0x00005a16   0x00005a16   0x00000002   PAD
    0x00005a18   0x00005a18   0x0000021a   Code   RO          520    .text.crcu32        lto-llvm-d1cc4d.o
    0x00005c32   0x00005c32   0x00000002   PAD
    0x00005c34   0x00005c34   0x000000ec   Code   RO          516    .text.get_seed_args  lto-llvm-d1cc4d.o
    0x00005d20   0x00005d20   0x00000444   Code   RO          526    .text.main          lto-llvm-d1cc4d.o
    0x00006164   0x00006164   0x0000003e   Code   RO          145    CL$$btod_d2e        c_wu.l(btod.o)
    0x000061a2   0x000061a2   0x00000046   Code   RO          147    CL$$btod_d2e_denorm_low  c_wu.l(btod.o)
    0x000061e8   0x000061e8   0x00000060   Code   RO          146    CL$$btod_d2e_norm_op1  c_wu.l(btod.o)
    0x00006248   0x00006248   0x00000338   Code   RO          155    CL$$btod_div_common  c_wu.l(btod.o)
    0x00006580   0x00006580   0x000000dc   Code   RO          152    CL$$btod_e2e        c_wu.l(btod.o)
    0x0000665c   0x0000665c   0x0000002a   Code   RO          149    CL$$btod_ediv       c_wu.l(btod.o)
    0x00006686   0x00006686   0x0000002a   Code   RO          148    CL$$btod_emul       c_wu.l(btod.o)
    0x000066b0   0x000066b0   0x00000244   Code   RO          154    CL$$btod_mult_common  c_wu.l(btod.o)
    0x000068f4   0x000068f4   0x00000028   Code   RO          187    i.__ARM_fpclassify  m_ws.l(fpclassify.o)
    0x0000691c   0x0000691c   0x0000000e   Code   RO           61    i._is_digit         c_wu.l(__printf_wp.o)
    0x0000692a   0x0000692a   0x0000001a   Code   RO          100    i.fputc             c_wu.l(fputc.o)
    0x00006944   0x00006944   0x0000002c   Code   RO          180    locale$$code        c_wu.l(lc_numeric_c.o)
    0x00006970   0x00006970   0x00000018   Code   RO          603    x$fpl$dcmpinf       f_ws.l(dcmpi.o)
    0x00006988   0x00006988   0x000002e8   Code   RO          572    x$fpl$ddiv          f_ws.l(ddiv_clz.o)
    0x00006c70   0x00006c70   0x00000074   Code   RO          587    x$fpl$deqf          f_ws.l(deqf.o)
    0x00006ce4   0x00006ce4   0x00000084   Code   RO          575    x$fpl$dfixu         f_ws.l(dfixu.o)
    0x00006d68   0x00006d68   0x00000026   Code   RO          579    x$fpl$dfltu         f_ws.l(dflt_clz.o)
    0x00006d8e   0x00006d8e   0x00000002   PAD
    0x00006d90   0x00006d90   0x00000078   Code   RO          589    x$fpl$dgeqf         f_ws.l(dgeqf.o)
    0x00006e08   0x00006e08   0x00000078   Code   RO          591    x$fpl$dleqf         f_ws.l(dleqf.o)
    0x00006e80   0x00006e80   0x00000184   Code   RO          585    x$fpl$dmul          f_ws.l(dmul_clz.o)
    0x00007004   0x00007004   0x00000102   Code   RO          593    x$fpl$dnaninf       f_ws.l(dnaninf.o)
    0x00007106   0x00007106   0x00000070   Code   RO          595    x$fpl$drenorm       f_ws.l(drenorm_clz.o)
    0x00007176   0x00007176   0x0000000c   Code   RO          597    x$fpl$dretinf       f_ws.l(dretinf.o)
    0x00007182   0x00007182   0x00000188   Code   RO          599    x$fpl$dunder        f_ws.l(dunder_clz.o)
    0x0000730a   0x0000730a   0x00000002   PAD
    0x0000730c   0x0000730c   0x000001b8   Code   RO          601    x$fpl$exception     f_ws.l(except.o)
    0x000074c4   0x000074c4   0x00000054   Code   RO          569    x$fpl$fcmp          f_ws.l(dcmp.o)
    0x00007518   0x00007518   0x0000000e   Code   RO          424    x$fpl$fpinit        f_ws.l(fpinit.o)
    0x00007526   0x00007526   0x00000002   PAD
    0x00007528   0x00007528   0x00000030   Code   RO          184    x$fpl$ieeestatus    f_ws.l(istatus.o)
    0x00007558   0x00007558   0x00000004   Code   RO           85    x$fpl$printf1       f_ws.l(printf1.o)
    0x0000755c   0x0000755c   0x000000b2   Code   RO          605    x$fpl$retnan        f_ws.l(retnan.o)
    0x0000760e   0x0000760e   0x00000090   Code   RO          607    x$fpl$trapveneer    f_ws.l(trapv.o)
    0x0000769e   0x0000769e   0x00000000   Code   RO          186    x$fpl$usenofp       f_ws.l(usenofp.o)
    0x0000769e   0x0000769e   0x00000028   Data   RO           33    .constdata          c_wu.l(_printf_hex_int.o)
    0x000076c6   0x000076c6   0x00000011   Data   RO           69    .constdata          c_wu.l(__printf_flags_ss_wp.o)
    0x000076d7   0x000076d7   0x00000001   PAD
    0x000076d8   0x000076d8   0x00000094   Data   RO          143    .constdata          c_wu.l(bigflt0.o)
    0x0000776c   0x0000776c   0x00000008   Data   RO          558    .rodata.__stderr_name  lto-llvm-d1cc4d.o
    0x00007774   0x00007774   0x00000007   Data   RO          556    .rodata.__stdin_name  lto-llvm-d1cc4d.o
    0x0000777b   0x0000777b   0x00000008   Data   RO          557    .rodata.__stdout_name  lto-llvm-d1cc4d.o
    0x00007783   0x00007783   0x00000001   PAD
    0x00007784   0x00007784   0x00000010   Data   RO          553    .rodata.errpat      lto-llvm-d1cc4d.o
    0x00007794   0x00007794   0x00000010   Data   RO          551    .rodata.floatpat    lto-llvm-d1cc4d.o
    0x000077a4   0x000077a4   0x00000010   Data   RO          550    .rodata.intpat      lto-llvm-d1cc4d.o
    0x000077b4   0x000077b4   0x0000000a   Data   RO          547    .rodata.list_known_crc  lto-llvm-d1cc4d.o
    0x000077be   0x000077be   0x0000000a   Data   RO          548    .rodata.matrix_known_crc  lto-llvm-d1cc4d.o
    0x000077c8   0x000077c8   0x00000010   Data   RO          552    .rodata.scipat      lto-llvm-d1cc4d.o
    0x000077d8   0x000077d8   0x0000000a   Data   RO          549    .rodata.state_known_crc  lto-llvm-d1cc4d.o
    0x000077e2   0x000077e2   0x000004b0   Data   RO          546    .rodata.str1.1      lto-llvm-d1cc4d.o
    0x00007c92   0x00007c92   0x00000002   PAD
    0x00007c94   0x00007c94   0x00000020   Data   RO          616    Region$$Table       anon$$obj.o
    0x00007cb4   0x00007cb4   0x0000001c   Data   RO          179    locale$$data        c_wu.l(lc_numeric_c.o)


    Execution Region RW_RAM (Exec base: 0x20000000, Load base: 0x00007cd0, Size: 0x0000016c, Max: 0x001fc000, ABSOLUTE)

    Exec Addr    Load Addr    Size         Type   Attr      Idx    E Section Name        Object

    0x20000000   0x00007cd0   0x00000004   Data   RW          106    .data               c_wu.l(stdio_streams.o)
    0x20000004   0x00007cd4   0x00000004   Data   RW          107    .data               c_wu.l(stdio_streams.o)
    0x20000008   0x00007cd8   0x00000004   Data   RW          108    .data               c_wu.l(stdio_streams.o)
    0x2000000c        -       0x00000054   Zero   RW          103    .bss                c_wu.l(stdio_streams.o)
    0x20000060        -       0x00000054   Zero   RW          104    .bss                c_wu.l(stdio_streams.o)
    0x200000b4        -       0x00000054   Zero   RW          105    .bss                c_wu.l(stdio_streams.o)
    0x20000108        -       0x00000060   Zero   RW          190    .bss                c_wu.l(libspace.o)
    0x20000168        -       0x00000004   Zero   RW          554    .bss.SysTickCounter  lto-llvm-d1cc4d.o


    Execution Region ARM_LIB_HEAP (Exec base: 0x20000170, Load base: 0x00007cdc, Size: 0x00002000, Max: 0x00002000, ABSOLUTE)

    Exec Addr    Load Addr    Size         Type   Attr      Idx    E Section Name        Object

    0x20000170        -       0x00002000   Zero   RW            1    ARM_LIB_HEAP.bss    anon$$obj.o


    Execution Region ARM_LIB_STACK (Exec base: 0x201fe000, Load base: 0x00007cdc, Size: 0x00002000, Max: 0x00002000, ABSOLUTE)

    Exec Addr    Load Addr    Size         Type   Attr      Idx    E Section Name        Object

    0x201fe000        -       0x00002000   Zero   RW            2    ARM_LIB_STACK.bss   anon$$obj.o


==============================================================================

Image component sizes


      Code (inc. data)   RO Data    RW Data    ZI Data      Debug   Object Name

     17074        252       3301          0          4      52691   lto-llvm-d1cc4d.o

    ----------------------------------------------------------------------
     17088        252       3336          0      16388      52691   Object Totals
         0          0         32          0      16384          0   (incl. Generated)
        14          0          3          0          0          0   (incl. Padding)

    ----------------------------------------------------------------------

      Code (inc. data)   RO Data    RW Data    ZI Data      Debug   Library Member Name

         8          0          0          0          0         68   __main.o
       392          4         17          0          0         92   __printf_flags_ss_wp.o
        14          0          0          0          0         68   __printf_wp.o
         0          0          0          0          0          0   __rtentry.o
        12          0          0          0          0          0   __rtentry2.o
         8          4          0          0          0          0   __rtentry7.o
        52          8          0          0          0          0   __scatter.o
        26          0          0          0          0          0   __scatter_copy.o
        28          0          0          0          0          0   __scatter_zi.o
        48          4          0          0          0         84   _fptrap.o
        44          0          0          0          0        108   _printf_char.o
        48          6          0          0          0         96   _printf_char_common.o
        36          4          0          0          0         80   _printf_char_file.o
         6          0          0          0          0          0   _printf_d.o
       120         16          0          0          0         92   _printf_dec.o
         6          0          0          0          0          0   _printf_f.o
      1052          0          0          0          0        148   _printf_fp_dec.o
       128         16          0          0          0         84   _printf_fp_infnan.o
        88          4         40          0          0         88   _printf_hex_int.o
       178          0          0          0          0         88   _printf_intcommon.o
        78          0          0          0          0        108   _printf_pad.o
         0          0          0          0          0          0   _printf_percent.o
         4          0          0          0          0          0   _printf_percent_end.o
         6          0          0          0          0          0   _printf_s.o
        82          0          0          0          0         80   _printf_str.o
         6          0          0          0          0          0   _printf_u.o
         6          0          0          0          0          0   _printf_x.o
       228          4        148          0          0         96   bigflt0.o
      1936        128          0          0          0        672   btod.o
        10          0          0          0          0         68   defsig_exit.o
       172        110          0          0          0         76   defsig_fpe_inner.o
        14          0          0          0          0         80   defsig_fpe_outer.o
        50          0          0          0          0         88   defsig_general.o
        80         58          0          0          0         76   defsig_rtmem_inner.o
        14          0          0          0          0         80   defsig_rtmem_outer.o
        52         38          0          0          0         76   defsig_rtred_inner.o
        14          0          0          0          0         80   defsig_rtred_outer.o
        18          0          0          0          0         80   exit.o
        76          0          0          0          0         88   fclose.o
         8          0          0          0          0         68   ferror.o
       470          0          0          0          0         88   flsbuf.o
       240          6          0          0          0        128   fopen.o
        26          0          0          0          0         68   fputc.o
       248          6          0          0          0         84   fseek.o
        66          0          0          0          0         76   ftell.o
        94          0          0          0          0         80   h1_alloc.o
        52          0          0          0          0         68   h1_extend.o
        78          0          0          0          0         80   h1_free.o
        14          0          0          0          0         84   h1_init.o
         4          0          0          0          0        136   hguard.o
         0          0          0          0          0          0   indicate_semi.o
       138          0          0          0          0        168   init_alloc.o
       312         46          0          0          0        112   initio.o
        44         10         28          0          0         76   lc_numeric_c.o
         2          0          0          0          0          0   libinit.o
        26          0          0          0          0          0   libinit2.o
        16          8          0          0          0          0   libinit5.o
         2          0          0          0          0          0   libshutdown.o
         6          0          0          0          0          0   libshutdown2.o
         0          0          0          0         96          0   libspace.o
       138          0          0          0          0         80   lludiv10.o
         0          0          0          0          0          0   maybetermalloc1.o
        24          4          0          0          0         84   noretval__2printf.o
        12          6          0          0          0         68   putchar.o
        44          4          0          0          0         84   puts.o
         8          4          0          0          0         68   rt_errno_addr_intlibspace.o
         8          4          0          0          0         68   rt_fp_status_addr_intlibspace.o
         8          4          0          0          0         68   rt_heap_descriptor_intlibspace.o
         8          4          0          0          0         68   rt_locale_intlibspace.o
        68          0          0          0          0         68   rt_memclr.o
        78          0          0          0          0         80   rt_memclr_w.o
         2          0          0          0          0          0   rtexit.o
        10          0          0          0          0          0   rtexit2.o
        70          0          0          0          0         80   setvbuf.o
       240          6          0          0          0        156   stdio.o
         0          0          0         12        252          0   stdio_streams.o
       124          0          0          0          0         88   strcmpv8m_maindsp.o
        12          4          0          0          0         68   sys_exit.o
        14          0          0          0          0         76   sys_wrch.o
         2          0          0          0          0         68   use_no_semi.o
        84          0          0          0          0        196   dcmp.o
        24          0          0          0          0         68   dcmpi.o
       744        148          0          0          0        220   ddiv_clz.o
       116          8          0          0          0         92   deqf.o
       132         12          0          0          0         92   dfixu.o
        38          0          0          0          0         68   dflt_clz.o
       120          8          0          0          0         92   dgeqf.o
       120          8          0          0          0         92   dleqf.o
       388         12          0          0          0        104   dmul_clz.o
       258          4          0          0          0        108   dnaninf.o
       112          0          0          0          0        112   drenorm_clz.o
        12          0          0          0          0         68   dretinf.o
       392          0          0          0          0        156   dunder_clz.o
       440         24          0          0          0        116   except.o
        14          0          0          0          0         76   fpinit.o
        48          4          0          0          0         80   istatus.o
         4          0          0          0          0         68   printf1.o
       178          0          0          0          0         68   retnan.o
       144          0          0          0          0        112   trapv.o
         0          0          0          0          0          0   usenofp.o
        40          0          0          0          0         68   fpclassify.o

    ----------------------------------------------------------------------
     11294        752        234         12        348       7488   Library Totals
        30          4          1          0          0          0   (incl. Padding)

    ----------------------------------------------------------------------

      Code (inc. data)   RO Data    RW Data    ZI Data      Debug   Library Name

      7856        520        233         12        348       5432   c_wu.l
      3368        228          0          0          0       1988   f_ws.l
        40          0          0          0          0         68   m_ws.l

    ----------------------------------------------------------------------
     11294        752        234         12        348       7488   Library Totals

    ----------------------------------------------------------------------

==============================================================================


      Code (inc. data)   RO Data    RW Data    ZI Data      Debug   

     28382       1004       3570         12      16736      56171   Grand Totals
     28382       1004       3570         12      16736      56171   ELF Image Totals
     28382       1004       3570         12          0          0   ROM Totals

==============================================================================

    Total RO  Size (Code + RO Data)                31952 (  31.20kB)
    Total RW  Size (RW Data + ZI Data)             16748 (  16.36kB)
    Total ROM Size (Code + RO Data + RW Data)      31964 (  31.21kB)

==============================================================================

